Archive member included to satisfy reference by file (symbol)

ili9341/libili9341.a(ili9341-driver.c.o)
                              CMakeFiles/06-device.dir/main.c.o (ili9341_init)
ili9341/libili9341.a(ili9341-display.c.o)
                              CMakeFiles/06-device.dir/main.c.o (ili9341_draw_pixel)
ili9341/libili9341.a(ili9341-font.c.o)
                              CMakeFiles/06-device.dir/main.c.o (ili9341_draw_text)
ili9341/libili9341.a(font-jetbrains.c.o)
                              ili9341/libili9341.a(ili9341-font.c.o) (font_jetbrains_mono_8)
bme280_driver/libbme280_driver.a(bme280-driver.c.o)
                              CMakeFiles/06-device.dir/main.c.o (bme280_init)
/usr/lib/gcc/arm-none-eabi/13.2.1/thumb/v6-m/nofp/libgcc.a(_dvmd_tls.o)
                              CMakeFiles/06-device.dir/home/andrew0808/Repositories/pico/pico-sdk/src/rp2_common/pico_divider/divider_hardware.S.o (__aeabi_idiv0)
/usr/lib/gcc/arm-none-eabi/13.2.1/../../../arm-none-eabi/lib/thumb/v6-m/nofp/libg.a(libc_a-sscanf.o)
                              CMakeFiles/06-device.dir/main.c.o (sscanf)
/usr/lib/gcc/arm-none-eabi/13.2.1/../../../arm-none-eabi/lib/thumb/v6-m/nofp/libg.a(libc_a-strchr.o)
                              CMakeFiles/06-device.dir/protocol-task/protocol-task.c.o (strchr)
/usr/lib/gcc/arm-none-eabi/13.2.1/../../../arm-none-eabi/lib/thumb/v6-m/nofp/libg.a(libc_a-strcmp.o)
                              CMakeFiles/06-device.dir/protocol-task/protocol-task.c.o (strcmp)
/usr/lib/gcc/arm-none-eabi/13.2.1/../../../arm-none-eabi/lib/thumb/v6-m/nofp/libg.a(libc_a-calloc.o)
                              CMakeFiles/06-device.dir/home/andrew0808/Repositories/pico/pico-sdk/src/rp2_common/pico_malloc/malloc.c.o (calloc)
/usr/lib/gcc/arm-none-eabi/13.2.1/../../../arm-none-eabi/lib/thumb/v6-m/nofp/libg.a(libc_a-impure.o)
                              /usr/lib/gcc/arm-none-eabi/13.2.1/../../../arm-none-eabi/lib/thumb/v6-m/nofp/libg.a(libc_a-sscanf.o) (_impure_ptr)
/usr/lib/gcc/arm-none-eabi/13.2.1/../../../arm-none-eabi/lib/thumb/v6-m/nofp/libg.a(libc_a-callocr.o)
                              /usr/lib/gcc/arm-none-eabi/13.2.1/../../../arm-none-eabi/lib/thumb/v6-m/nofp/libg.a(libc_a-calloc.o) (_calloc_r)
/usr/lib/gcc/arm-none-eabi/13.2.1/../../../arm-none-eabi/lib/thumb/v6-m/nofp/libg.a(libc_a-realloc.o)
                              CMakeFiles/06-device.dir/home/andrew0808/Repositories/pico/pico-sdk/src/rp2_common/pico_malloc/malloc.c.o (realloc)
/usr/lib/gcc/arm-none-eabi/13.2.1/../../../arm-none-eabi/lib/thumb/v6-m/nofp/libg.a(libc_a-mallocr.o)
                              /usr/lib/gcc/arm-none-eabi/13.2.1/../../../arm-none-eabi/lib/thumb/v6-m/nofp/libg.a(libc_a-callocr.o) (_malloc_r)
/usr/lib/gcc/arm-none-eabi/13.2.1/../../../arm-none-eabi/lib/thumb/v6-m/nofp/libg.a(libc_a-freer.o)
                              /usr/lib/gcc/arm-none-eabi/13.2.1/../../../arm-none-eabi/lib/thumb/v6-m/nofp/libg.a(libc_a-mallocr.o) (_free_r)
/usr/lib/gcc/arm-none-eabi/13.2.1/../../../arm-none-eabi/lib/thumb/v6-m/nofp/libg.a(libc_a-svfscanf.o)
                              /usr/lib/gcc/arm-none-eabi/13.2.1/../../../arm-none-eabi/lib/thumb/v6-m/nofp/libg.a(libc_a-sscanf.o) (__ssvfscanf_r)
/usr/lib/gcc/arm-none-eabi/13.2.1/../../../arm-none-eabi/lib/thumb/v6-m/nofp/libg.a(libc_a-memcmp.o)
                              CMakeFiles/06-device.dir/home/andrew0808/Repositories/pico/pico-sdk/src/rp2_common/pico_atomic/atomic.c.o (memcmp)
/usr/lib/gcc/arm-none-eabi/13.2.1/../../../arm-none-eabi/lib/thumb/v6-m/nofp/libg.a(libc_a-strtol.o)
                              /usr/lib/gcc/arm-none-eabi/13.2.1/../../../arm-none-eabi/lib/thumb/v6-m/nofp/libg.a(libc_a-svfscanf.o) (_strtol_r)
/usr/lib/gcc/arm-none-eabi/13.2.1/../../../arm-none-eabi/lib/thumb/v6-m/nofp/libg.a(libc_a-malloc.o)
                              CMakeFiles/06-device.dir/home/andrew0808/Repositories/pico/pico-sdk/src/rp2_common/pico_malloc/malloc.c.o (malloc)
/usr/lib/gcc/arm-none-eabi/13.2.1/../../../arm-none-eabi/lib/thumb/v6-m/nofp/libg.a(libc_a-sysconf.o)
                              /usr/lib/gcc/arm-none-eabi/13.2.1/../../../arm-none-eabi/lib/thumb/v6-m/nofp/libg.a(libc_a-mallocr.o) (sysconf)
/usr/lib/gcc/arm-none-eabi/13.2.1/../../../arm-none-eabi/lib/thumb/v6-m/nofp/libg.a(libc_a-stdio.o)
                              /usr/lib/gcc/arm-none-eabi/13.2.1/../../../arm-none-eabi/lib/thumb/v6-m/nofp/libg.a(libc_a-sscanf.o) (__seofread)
/usr/lib/gcc/arm-none-eabi/13.2.1/../../../arm-none-eabi/lib/thumb/v6-m/nofp/libg.a(libc_a-iswspace.o)
                              /usr/lib/gcc/arm-none-eabi/13.2.1/../../../arm-none-eabi/lib/thumb/v6-m/nofp/libg.a(libc_a-svfscanf.o) (iswspace)
/usr/lib/gcc/arm-none-eabi/13.2.1/../../../arm-none-eabi/lib/thumb/v6-m/nofp/libg.a(libc_a-mbrtowc.o)
                              /usr/lib/gcc/arm-none-eabi/13.2.1/../../../arm-none-eabi/lib/thumb/v6-m/nofp/libg.a(libc_a-svfscanf.o) (_mbrtowc_r)
[...]
Memory Configuration

Name             Origin             Length             Attributes
FLASH            0x10000000         0x00200000         xr
RAM              0x20000000         0x00040000         xrw
SCRATCH_X        0x20040000         0x00001000         xrw
SCRATCH_Y        0x20041000         0x00001000         xrw
*default*        0x00000000         0xffffffff

Linker script and memory map

LOAD /usr/lib/gcc/arm-none-eabi/13.2.1/thumb/v6-m/nofp/crti.o
LOAD /usr/lib/gcc/arm-none-eabi/13.2.1/thumb/v6-m/nofp/crtbegin.o
LOAD /usr/lib/gcc/arm-none-eabi/13.2.1/../../../arm-none-eabi/lib/thumb/v6-m/nofp/crt0.o

.flash_begin    0x10000000        0x0
                0x10000000                        __flash_binary_start = .

.boot2          0x10000000      0x100
                0x10000000                        __boot2_start__ = .
 *(.boot2)
 .boot2         0x10000000      0x100 pico-sdk/src/rp2040/boot_stage2/CMakeFiles/bs2_default_library.dir/bs2_default_padded_checksummed.S.o
                0x10000100                        __boot2_end__ = .
                0x00000001                        ASSERT (((__boot2_end__ - __boot2_start__) == 0x100), ERROR: Pico second stage bootloader must be 256 bytes in size)

.text           0x10000100     0xec18
                0x10000100                        __logical_binary_start = .
 *(.vectors)
 .vectors       0x10000100       0xd4 CMakeFiles/06-device.dir/home/andrew0808/Repositories/pico/pico-sdk/src/rp2_common/pico_crt0/crt0.S.o
                0x10000100                __vectors
                0x10000100                __VECTOR_TABLE
                0x100001c0                isr_irq30
                0x100001c0                __unhandled_user_irq
                0x100001c0                isr_irq13
                0x100001c0                isr_irq27
                0x100001c0                isr_irq31
                0x100001c0                isr_irq5
                0x100001c0                isr_irq11
                0x100001c0                isr_irq23
                0x100001c0                isr_irq18
                0x100001c0                isr_irq28
                0x100001c0                isr_irq19
                0x100001c0                isr_irq0
                0x100001c0                isr_irq6
                0x100001c0                isr_irq22
                0x100001c0                isr_irq17
                0x100001c0                isr_irq14
                0x100001c0                __vectors_end
                0x100001c0                __default_isrs_start
                0x100001c0                isr_irq2
                0x100001c0                isr_irq10
                0x100001c0                isr_irq8
                0x100001c0                isr_irq24
                0x100001c0                isr_irq1
                0x100001c0                isr_irq7
                0x100001c0                isr_irq21
                0x100001c0                isr_irq20
                0x100001c0                isr_irq15
                0x100001c0                isr_irq25
                0x100001c0                isr_irq4
                0x100001c0                isr_irq16
                0x100001c0                isr_irq29
                0x100001c0                isr_irq26
                0x100001c0                isr_irq3
                0x100001c0                isr_irq12
                0x100001c0                isr_irq9
                0x100001c6                unhandled_user_irq_num_in_r0
                0x100001c8                isr_invalid
                0x100001ca                isr_nmi
                0x100001cc                isr_hardfault
                0x100001ce                isr_svcall
                0x100001d0                isr_pendsv
                0x100001d2                isr_systick
                0x100001d4                __default_isrs_end
 *(.binary_info_header)
 .binary_info_header
                0x100001d4       0x14 CMakeFiles/06-device.dir/home/andrew0808/Repositories/pico/pico-sdk/src/rp2_common/pico_crt0/crt0.S.o
                0x100001e8                        __binary_info_header_end = .
 *(.embedded_block)
                0x100001e8                        __embedded_block_end = .
 *(.reset)
 .reset         0x100001e8       0x9c CMakeFiles/06-device.dir/home/andrew0808/Repositories/pico/pico-sdk/src/rp2_common/pico_crt0/crt0.S.o
                0x100001e8                _entry_point
 *(.init)
 .init          0x10000284        0x4 /usr/lib/gcc/arm-none-eabi/13.2.1/thumb/v6-m/nofp/crti.o
                0x10000284                _init
 *(EXCLUDE_FILE(*libm.a: *libc.a:*lib_a-mem*.o *libgcc.a:) .text*)
 .text          0x10000288       0x98 /usr/lib/gcc/arm-none-eabi/13.2.1/thumb/v6-m/nofp/crtbegin.o
 .text.rp2040_gpio_cs_write
                0x10000320       0x14 CMakeFiles/06-device.dir/main.c.o
                0x10000320                rp2040_gpio_cs_write
 .text.rp2040_gpio_dc_write
                0x10000334       0x14 CMakeFiles/06-device.dir/main.c.o
                0x10000334                rp2040_gpio_dc_write
 .text.rp2040_gpio_reset_write
                0x10000348       0x14 CMakeFiles/06-device.dir/main.c.o
                0x10000348                rp2040_gpio_reset_write
 .text.version_callback
                0x1000035c       0x1c CMakeFiles/06-device.dir/main.c.o
                0x1000035c                version_callback
 .text.help_callback
                0x10000378       0x2c CMakeFiles/06-device.dir/main.c.o
                0x10000378                help_callback
 .text.led_on_callback
                0x100003a4        0xc CMakeFiles/06-device.dir/main.c.o
                0x100003a4                led_on_callback
 .text.led_off_callback
                0x100003b0        0xc CMakeFiles/06-device.dir/main.c.o
                0x100003b0                led_off_callback
 .text.led_blink_callback
                0x100003bc        0xc CMakeFiles/06-device.dir/main.c.o
                0x100003bc                led_blink_callback
 .text.rp2040_spi_write
                0x100003c8       0x14 CMakeFiles/06-device.dir/main.c.o
                0x100003c8                rp2040_spi_write
 .text.rp2040_spi_read
                0x100003dc       0x14 CMakeFiles/06-device.dir/main.c.o
                0x100003dc                rp2040_spi_read
 .text.rp2040_delay_ms
                0x100003f0        0x8 CMakeFiles/06-device.dir/main.c.o
                0x100003f0                rp2040_delay_ms
 .text.disp_screen_callback
                0x100003f8       0x40 CMakeFiles/06-device.dir/main.c.o
                0x100003f8                disp_screen_callback
 .text.disp_px_callback
                0x10000438       0x54 CMakeFiles/06-device.dir/main.c.o
                0x10000438                disp_px_callback
 .text.disp_parametrs_callback
                0x1000048c       0xe8 CMakeFiles/06-device.dir/main.c.o
                0x1000048c                disp_parametrs_callback
 .text.led_blink_set_period_ms_callback
                0x10000574       0x30 CMakeFiles/06-device.dir/main.c.o
                0x10000574                led_blink_set_period_ms_callback
 .text.rp2040_i2c_write
                0x100005a4       0x4c CMakeFiles/06-device.dir/main.c.o
                0x100005a4                rp2040_i2c_write
 .text.rp2040_i2c_read
                0x100005f0       0x4c CMakeFiles/06-device.dir/main.c.o
                0x100005f0                rp2040_i2c_read
 .text.startup.main
                0x1000063c      0x108 CMakeFiles/06-device.dir/main.c.o
                0x1000063c                main
 .text.stdio_task_init
                0x10000744        0xc CMakeFiles/06-device.dir/stdio-task/stdio-task.c.o
                0x10000744                stdio_task_init
 .text.stdio_task_handle
                0x10000750       0x5c CMakeFiles/06-device.dir/stdio-task/stdio-task.c.o
                0x10000750                stdio_task_handle
 .text.protocol_task_init
                0x100007ac       0x34 CMakeFiles/06-device.dir/protocol-task/protocol-task.c.o
                0x100007ac                protocol_task_init
 .text.protocol_task_handle
                0x100007e0       0xa8 CMakeFiles/06-device.dir/protocol-task/protocol-task.c.o
                0x100007e0                protocol_task_handle
 .text.led_task_init
                0x10000888       0x2c CMakeFiles/06-device.dir/led-task/led-task.c.o
                0x10000888                led_task_init
 .text.led_task_handle
                0x100008b4       0x74 CMakeFiles/06-device.dir/led-task/led-task.c.o
                0x100008b4                led_task_handle
 .text.led_task_state_set
                0x10000928        0xc CMakeFiles/06-device.dir/led-task/led-task.c.o
                0x10000928                led_task_state_set
 .text.led_task_set_blink_period_ms
                0x10000934       0x14 CMakeFiles/06-device.dir/led-task/led-task.c.o
                0x10000934                led_task_set_blink_period_ms
 .text.gpio_set_function
                0x10000948       0x34 CMakeFiles/06-device.dir/home/andrew0808/Repositories/pico/pico-sdk/src/rp2_common/hardware_gpio/gpio.c.o
                0x10000948                gpio_set_function
 .text.gpio_init
                0x1000097c       0x40 CMakeFiles/06-device.dir/home/andrew0808/Repositories/pico/pico-sdk/src/rp2_common/hardware_gpio/gpio.c.o
                0x1000097c                gpio_init
 .text.rp2040_chip_version
                0x100009bc        0xc CMakeFiles/06-device.dir/home/andrew0808/Repositories/pico/pico-sdk/src/rp2040/pico_platform/platform.c.o
                0x100009bc                rp2040_chip_version
 .text.panic    0x100009c8       0x30 CMakeFiles/06-device.dir/home/andrew0808/Repositories/pico/pico-sdk/src/rp2_common/pico_platform_panic/panic.c.o
                0x100009c8                panic
 .text.hw_claim_or_assert
                0x100009f8       0x44 CMakeFiles/06-device.dir/home/andrew0808/Repositories/pico/pico-sdk/src/common/hardware_claim/claim.c.o
                0x100009f8                hw_claim_or_assert
 .text.hw_claim_unused_from_range
                0x10000a3c       0x9c CMakeFiles/06-device.dir/home/andrew0808/Repositories/pico/pico-sdk/src/common/hardware_claim/claim.c.o
                0x10000a3c                hw_claim_unused_from_range
 .text.next_striped_spin_lock_num
                0x10000ad8       0x18 CMakeFiles/06-device.dir/home/andrew0808/Repositories/pico/pico-sdk/src/rp2_common/hardware_sync/sync.c.o
                0x10000ad8                next_striped_spin_lock_num
 .text.spin_lock_claim_unused
                0x10000af0       0x24 CMakeFiles/06-device.dir/home/andrew0808/Repositories/pico/pico-sdk/src/rp2_common/hardware_sync/sync.c.o
                0x10000af0                spin_lock_claim_unused
 .text.spin_locks_reset
                0x10000b14       0x1c CMakeFiles/06-device.dir/home/andrew0808/Repositories/pico/pico-sdk/src/rp2_common/hardware_sync_spin_lock/sync_spin_lock.c.o
                0x10000b14                spin_locks_reset
 .text.runtime_init_per_core_irq_priorities
                0x10000b30       0x24 CMakeFiles/06-device.dir/home/andrew0808/Repositories/pico/pico-sdk/src/rp2_common/hardware_irq/irq.c.o
                0x10000b30                runtime_init_per_core_irq_priorities
 .text.irq_set_enabled
                0x10000b54       0x24 CMakeFiles/06-device.dir/home/andrew0808/Repositories/pico/pico-sdk/src/rp2_common/hardware_irq/irq.c.o
                0x10000b54                irq_set_enabled
 .text.irq_is_enabled
                0x10000b78       0x18 CMakeFiles/06-device.dir/home/andrew0808/Repositories/pico/pico-sdk/src/rp2_common/hardware_irq/irq.c.o
                0x10000b78                irq_is_enabled
 .text.irq_set_pending
                0x10000b90       0x10 CMakeFiles/06-device.dir/home/andrew0808/Repositories/pico/pico-sdk/src/rp2_common/hardware_irq/irq.c.o
                0x10000b90                irq_set_pending
 .text.irq_has_shared_handler
                0x10000ba0       0x24 CMakeFiles/06-device.dir/home/andrew0808/Repositories/pico/pico-sdk/src/rp2_common/hardware_irq/irq.c.o
                0x10000ba0                irq_has_shared_handler
 .text.irq_set_exclusive_handler
                0x10000bc4       0x54 CMakeFiles/06-device.dir/home/andrew0808/Repositories/pico/pico-sdk/src/rp2_common/hardware_irq/irq.c.o
                0x10000bc4                irq_set_exclusive_handler
 .text.irq_add_shared_handler
                0x10000c18      0x1f4 CMakeFiles/06-device.dir/home/andrew0808/Repositories/pico/pico-sdk/src/rp2_common/hardware_irq/irq.c.o
                0x10000c18                irq_add_shared_handler
 .text.irq_add_tail_to_free_list
                0x10000e0c       0xb4 CMakeFiles/06-device.dir/home/andrew0808/Repositories/pico/pico-sdk/src/rp2_common/hardware_irq/irq.c.o
                0x10000e0c                irq_add_tail_to_free_list
 .text.user_irq_claim_unused
                0x10000ec0       0x2c CMakeFiles/06-device.dir/home/andrew0808/Repositories/pico/pico-sdk/src/rp2_common/hardware_irq/irq.c.o
                0x10000ec0                user_irq_claim_unused
 .text.lock_init
                0x10000eec       0x10 CMakeFiles/06-device.dir/home/andrew0808/Repositories/pico/pico-sdk/src/common/pico_sync/lock_core.c.o
                0x10000eec                lock_init
 .text.runtime_init_mutex
                0x10000efc       0x50 CMakeFiles/06-device.dir/home/andrew0808/Repositories/pico/pico-sdk/src/common/pico_sync/mutex.c.o
                0x10000efc                runtime_init_mutex
 .text.mutex_init
                0x10000f4c       0x1c CMakeFiles/06-device.dir/home/andrew0808/Repositories/pico/pico-sdk/src/common/pico_sync/mutex.c.o
                0x10000f4c                mutex_init
 .text.critical_section_init
                0x10000f68       0x1c CMakeFiles/06-device.dir/home/andrew0808/Repositories/pico/pico-sdk/src/common/pico_sync/critical_section.c.o
                0x10000f68                critical_section_init
 .text.critical_section_init_with_lock_num
                0x10000f84       0x14 CMakeFiles/06-device.dir/home/andrew0808/Repositories/pico/pico-sdk/src/common/pico_sync/critical_section.c.o
                0x10000f84                critical_section_init_with_lock_num
 .text.sleep_until_callback
                0x10000f98       0x30 CMakeFiles/06-device.dir/home/andrew0808/Repositories/pico/pico-sdk/src/common/pico_time/time.c.o
 .text.alarm_pool_irq_handler
                0x10000fc8      0x2fc CMakeFiles/06-device.dir/home/andrew0808/Repositories/pico/pico-sdk/src/common/pico_time/time.c.o
 .text.runtime_init_default_alarm_pool
                0x100012c4       0xdc CMakeFiles/06-device.dir/home/andrew0808/Repositories/pico/pico-sdk/src/common/pico_time/time.c.o
                0x100012c4                runtime_init_default_alarm_pool
 .text.alarm_pool_get_default
                0x100013a0        0x8 CMakeFiles/06-device.dir/home/andrew0808/Repositories/pico/pico-sdk/src/common/pico_time/time.c.o
                0x100013a0                alarm_pool_get_default
 .text.alarm_pool_add_alarm_at
                0x100013a8       0xd4 CMakeFiles/06-device.dir/home/andrew0808/Repositories/pico/pico-sdk/src/common/pico_time/time.c.o
                0x100013a8                alarm_pool_add_alarm_at
 .text.alarm_pool_add_alarm_at_force_in_context
                0x1000147c       0xb0 CMakeFiles/06-device.dir/home/andrew0808/Repositories/pico/pico-sdk/src/common/pico_time/time.c.o
                0x1000147c                alarm_pool_add_alarm_at_force_in_context
 .text.alarm_pool_cancel_alarm
                0x1000152c       0x74 CMakeFiles/06-device.dir/home/andrew0808/Repositories/pico/pico-sdk/src/common/pico_time/time.c.o
                0x1000152c                alarm_pool_cancel_alarm
 .text.alarm_pool_core_num
                0x100015a0        0x4 CMakeFiles/06-device.dir/home/andrew0808/Repositories/pico/pico-sdk/src/common/pico_time/time.c.o
                0x100015a0                alarm_pool_core_num
 .text.sleep_until
                0x100015a4       0xd8 CMakeFiles/06-device.dir/home/andrew0808/Repositories/pico/pico-sdk/src/common/pico_time/time.c.o
                0x100015a4                sleep_until
 .text.sleep_ms
                0x1000167c       0x38 CMakeFiles/06-device.dir/home/andrew0808/Repositories/pico/pico-sdk/src/common/pico_time/time.c.o
                0x1000167c                sleep_ms
 .text.best_effort_wfe_or_timeout
                0x100016b4       0xf8 CMakeFiles/06-device.dir/home/andrew0808/Repositories/pico/pico-sdk/src/common/pico_time/time.c.o
                0x100016b4                best_effort_wfe_or_timeout
 .text.check_single_timeout_us
                0x100017ac       0x28 CMakeFiles/06-device.dir/home/andrew0808/Repositories/pico/pico-sdk/src/common/pico_time/timeout_helper.c.o
 .text.init_single_timeout_until
                0x100017d4        0xc CMakeFiles/06-device.dir/home/andrew0808/Repositories/pico/pico-sdk/src/common/pico_time/timeout_helper.c.o
                0x100017d4                init_single_timeout_until
 .text.timer_hardware_alarm_claim
                0x100017e0       0x14 CMakeFiles/06-device.dir/home/andrew0808/Repositories/pico/pico-sdk/src/rp2_common/hardware_timer/timer.c.o
                0x100017e0                timer_hardware_alarm_claim
 .text.timer_time_us_64
                0x100017f4       0x10 CMakeFiles/06-device.dir/home/andrew0808/Repositories/pico/pico-sdk/src/rp2_common/hardware_timer/timer.c.o
                0x100017f4                timer_time_us_64
 .text.time_us_64
                0x10001804       0x14 CMakeFiles/06-device.dir/home/andrew0808/Repositories/pico/pico-sdk/src/rp2_common/hardware_timer/timer.c.o
                0x10001804                time_us_64
 .text.busy_wait_us
                0x10001818       0x68 CMakeFiles/06-device.dir/home/andrew0808/Repositories/pico/pico-sdk/src/rp2_common/hardware_timer/timer.c.o
                0x10001818                busy_wait_us
 .text.busy_wait_until
                0x10001880       0x20 CMakeFiles/06-device.dir/home/andrew0808/Repositories/pico/pico-sdk/src/rp2_common/hardware_timer/timer.c.o
                0x10001880                busy_wait_until
 .text.clock_configure_int_divider
                0x100018a0       0xf4 CMakeFiles/06-device.dir/home/andrew0808/Repositories/pico/pico-sdk/src/rp2_common/hardware_clocks/clocks.c.o
                0x100018a0                clock_configure_int_divider
 .text.clock_configure_undivided
                0x10001994       0xe8 CMakeFiles/06-device.dir/home/andrew0808/Repositories/pico/pico-sdk/src/rp2_common/hardware_clocks/clocks.c.o
                0x10001994                clock_configure_undivided
 .text.clock_get_hz
                0x10001a7c        0xc CMakeFiles/06-device.dir/home/andrew0808/Repositories/pico/pico-sdk/src/rp2_common/hardware_clocks/clocks.c.o
                0x10001a7c                clock_get_hz
 .text.pll_init
                0x10001a88       0xa4 CMakeFiles/06-device.dir/home/andrew0808/Repositories/pico/pico-sdk/src/rp2_common/hardware_pll/pll.c.o
                0x10001a88                pll_init
 .text.watchdog_reboot
                0x10001b2c       0x9c CMakeFiles/06-device.dir/home/andrew0808/Repositories/pico/pico-sdk/src/rp2_common/hardware_watchdog/watchdog.c.o
                0x10001b2c                watchdog_reboot
 .text.tick_start
                0x10001bc8       0x10 CMakeFiles/06-device.dir/home/andrew0808/Repositories/pico/pico-sdk/src/rp2_common/hardware_ticks/ticks.c.o
                0x10001bc8                tick_start
 .text.rom_func_lookup
                0x10001bd8       0x10 CMakeFiles/06-device.dir/home/andrew0808/Repositories/pico/pico-sdk/src/rp2_common/pico_bootrom/bootrom.c.o
                0x10001bd8                rom_func_lookup
 .text.rom_data_lookup
                0x10001be8       0x10 CMakeFiles/06-device.dir/home/andrew0808/Repositories/pico/pico-sdk/src/rp2_common/pico_bootrom/bootrom.c.o
                0x10001be8                rom_data_lookup
 .text.rom_funcs_lookup
                0x10001bf8       0x44 CMakeFiles/06-device.dir/home/andrew0808/Repositories/pico/pico-sdk/src/rp2_common/pico_bootrom/bootrom.c.o
                0x10001bf8                rom_funcs_lookup
 .text.rom_reset_usb_boot_extra
                0x10001c3c       0x28 CMakeFiles/06-device.dir/home/andrew0808/Repositories/pico/pico-sdk/src/rp2_common/pico_bootrom/bootrom.c.o
                0x10001c3c                rom_reset_usb_boot_extra
 .text.xosc_init
                0x10001c64       0x28 CMakeFiles/06-device.dir/home/andrew0808/Repositories/pico/pico-sdk/src/rp2_common/hardware_xosc/xosc.c.o
                0x10001c64                xosc_init
 .text.first_per_core_initializer
                0x10001c8c        0x4 CMakeFiles/06-device.dir/home/andrew0808/Repositories/pico/pico-sdk/src/rp2_common/pico_runtime/runtime.c.o
 .text.hard_assertion_failure
                0x10001c90        0xc CMakeFiles/06-device.dir/home/andrew0808/Repositories/pico/pico-sdk/src/rp2_common/pico_runtime/runtime.c.o
                0x10001c90                hard_assertion_failure
 .text.runtime_run_initializers
                0x10001c9c       0x28 CMakeFiles/06-device.dir/home/andrew0808/Repositories/pico/pico-sdk/src/rp2_common/pico_runtime/runtime.c.o
                0x10001c9c                runtime_run_initializers
 .text.runtime_init_early_resets
                0x10001cc4       0x2c CMakeFiles/06-device.dir/home/andrew0808/Repositories/pico/pico-sdk/src/rp2_common/pico_runtime_init/runtime_init.c.o
                0x10001cc4                runtime_init_early_resets
 .text.runtime_init_usb_power_down
                0x10001cf0       0x1c CMakeFiles/06-device.dir/home/andrew0808/Repositories/pico/pico-sdk/src/rp2_common/pico_runtime_init/runtime_init.c.o
                0x10001cf0                runtime_init_usb_power_down
 .text.runtime_init_post_clock_resets
                0x10001d0c       0x20 CMakeFiles/06-device.dir/home/andrew0808/Repositories/pico/pico-sdk/src/rp2_common/pico_runtime_init/runtime_init.c.o
                0x10001d0c                runtime_init_post_clock_resets
 .text.runtime_init_rp2040_gpio_ie_disable
                0x10001d2c       0x14 CMakeFiles/06-device.dir/home/andrew0808/Repositories/pico/pico-sdk/src/rp2_common/pico_runtime_init/runtime_init.c.o
                0x10001d2c                runtime_init_rp2040_gpio_ie_disable
 .text.runtime_init_spin_locks_reset
                0x10001d40        0x8 CMakeFiles/06-device.dir/home/andrew0808/Repositories/pico/pico-sdk/src/rp2_common/pico_runtime_init/runtime_init.c.o
                0x10001d40                runtime_init_spin_locks_reset
 .text.runtime_init_install_ram_vector_table
                0x10001d48       0xb4 CMakeFiles/06-device.dir/home/andrew0808/Repositories/pico/pico-sdk/src/rp2_common/pico_runtime_init/runtime_init.c.o
                0x10001d48                runtime_init_install_ram_vector_table
 .text.runtime_init_clocks
                0x10001dfc       0xd8 CMakeFiles/06-device.dir/home/andrew0808/Repositories/pico/pico-sdk/src/rp2_common/pico_runtime_init/runtime_init_clocks.c.o
                0x10001dfc                runtime_init_clocks
 .text          0x10001ed4       0x10 CMakeFiles/06-device.dir/home/andrew0808/Repositories/pico/pico-sdk/src/rp2_common/pico_bit_ops/bit_ops_aeabi.S.o
 .text.__wrap___aeabi_idiv
                0x10001ee4       0x50 CMakeFiles/06-device.dir/home/andrew0808/Repositories/pico/pico-sdk/src/rp2_common/pico_divider/divider_hardware.S.o
                0x10001ee4                __wrap___aeabi_idivmod
                0x10001ee4                divmod_s32s32
                0x10001ee4                div_s32s32
                0x10001ee4                __wrap___aeabi_idiv
                0x10001eec                divmod_s32s32_unsafe
                0x10001f18                divmod_s32s32_savestate
 .text.__wrap___aeabi_uidiv
                0x10001f34       0x4c CMakeFiles/06-device.dir/home/andrew0808/Repositories/pico/pico-sdk/src/rp2_common/pico_divider/divider_hardware.S.o
                0x10001f34                __wrap___aeabi_uidiv
                0x10001f34                __wrap___aeabi_uidivmod
                0x10001f34                div_u32u32
                0x10001f34                divmod_u32u32
                0x10001f3c                divmod_u32u32_unsafe
                0x10001f64                divmod_u32u32_savestate
 .text.__wrap___aeabi_ldiv
                0x10001f80      0x424 CMakeFiles/06-device.dir/home/andrew0808/Repositories/pico/pico-sdk/src/rp2_common/pico_divider/divider_hardware.S.o
                0x10001f80                div_s64s64
                0x10001f80                divmod_s64s64
                0x10001f80                __wrap___aeabi_ldivmod
                0x10001fb0                div_u64u64
                0x10001fb0                divmod_u64u64
                0x10001fb0                __wrap___aeabi_uldivmod
                0x10001fc0                divmod_u64u64_savestate
                0x10001fe0                divmod_s64s64_unsafe
                0x10002068                divmod_u64u64_unsafe
 .text.__wrap___aeabi_darithmetic
                0x100023a4       0x80 CMakeFiles/06-device.dir/home/andrew0808/Repositories/pico/pico-sdk/src/rp2_common/pico_double/double_aeabi_rp2040.S.o
                0x100023a4                __wrap___aeabi_drsub
                0x100023aa                __wrap___aeabi_dsub
                0x100023bc                __wrap___aeabi_dadd
                0x100023ce                __wrap___aeabi_ddiv
                0x1000240a                __wrap___aeabi_dmul
 .text.__wrap___aeabi_cdcmple
                0x10002424       0x6c CMakeFiles/06-device.dir/home/andrew0808/Repositories/pico/pico-sdk/src/rp2_common/pico_double/double_aeabi_rp2040.S.o
                0x10002424                __wrap___aeabi_cdrcmple
                0x10002434                __wrap___aeabi_cdcmple
                0x10002434                __wrap___aeabi_cdcmpeq
 .text.__wrap___aeabi_dcmpeq
                0x10002490       0x10 CMakeFiles/06-device.dir/home/andrew0808/Repositories/pico/pico-sdk/src/rp2_common/pico_double/double_aeabi_rp2040.S.o
                0x10002490                __wrap___aeabi_dcmpeq
 .text.__wrap___aeabi_dcmplt
                0x100024a0        0xc CMakeFiles/06-device.dir/home/andrew0808/Repositories/pico/pico-sdk/src/rp2_common/pico_double/double_aeabi_rp2040.S.o
                0x100024a0                __wrap___aeabi_dcmplt
 .text.__wrap___aeabi_dcmple
                0x100024ac       0x10 CMakeFiles/06-device.dir/home/andrew0808/Repositories/pico/pico-sdk/src/rp2_common/pico_double/double_aeabi_rp2040.S.o
                0x100024ac                __wrap___aeabi_dcmple
 .text.__wrap___aeabi_dcmpge
                0x100024bc       0x10 CMakeFiles/06-device.dir/home/andrew0808/Repositories/pico/pico-sdk/src/rp2_common/pico_double/double_aeabi_rp2040.S.o
                0x100024bc                __wrap___aeabi_dcmpge
 .text.__wrap___aeabi_dcmpgt
                0x100024cc        0xa CMakeFiles/06-device.dir/home/andrew0808/Repositories/pico/pico-sdk/src/rp2_common/pico_double/double_aeabi_rp2040.S.o
                0x100024cc                __wrap___aeabi_dcmpgt
 .text.__wrap___aeabi_dcmpun
                0x100024d6       0x18 CMakeFiles/06-device.dir/home/andrew0808/Repositories/pico/pico-sdk/src/rp2_common/pico_double/double_aeabi_rp2040.S.o
                0x100024d6                __wrap___aeabi_dcmpun
 *fill*         0x100024ee        0x2 
 .text.__wrap___aeabi_i2d
                0x100024f0       0x38 CMakeFiles/06-device.dir/home/andrew0808/Repositories/pico/pico-sdk/src/rp2_common/pico_double/double_aeabi_rp2040.S.o
                0x100024f0                __wrap___aeabi_ui2d
                0x100024f0                uint2double
                0x100024f8                __wrap___aeabi_i2d
                0x100024f8                int2double
 .text.__wrap___aeabi_d2iz
                0x10002528       0x48 CMakeFiles/06-device.dir/home/andrew0808/Repositories/pico/pico-sdk/src/rp2_common/pico_double/double_aeabi_rp2040.S.o
                0x10002528                __wrap___aeabi_d2iz
                0x10002528                double2int_z
 .text.__wrap___aeabi_d2uiz
                0x10002570       0x18 CMakeFiles/06-device.dir/home/andrew0808/Repositories/pico/pico-sdk/src/rp2_common/pico_double/double_aeabi_rp2040.S.o
                0x10002570                double2uint_z
                0x10002570                double2uint
                0x10002570                __wrap___aeabi_d2uiz
 .text.__wrap___aeabi_l2d
                0x10002588       0x18 CMakeFiles/06-device.dir/home/andrew0808/Repositories/pico/pico-sdk/src/rp2_common/pico_double/double_aeabi_rp2040.S.o
                0x10002588                __wrap___aeabi_l2d
                0x10002588                int642double
 .text.__wrap___aeabi_d2lz
                0x100025a0       0x26 CMakeFiles/06-device.dir/home/andrew0808/Repositories/pico/pico-sdk/src/rp2_common/pico_double/double_aeabi_rp2040.S.o
                0x100025a0                __wrap___aeabi_d2lz
                0x100025a0                double2int64_z
 *fill*         0x100025c6        0x2 
 .text.double2int64
                0x100025c8       0x18 CMakeFiles/06-device.dir/home/andrew0808/Repositories/pico/pico-sdk/src/rp2_common/pico_double/double_aeabi_rp2040.S.o
                0x100025c8                double2int64
 .text.double2ufix64
                0x100025e0       0x18 CMakeFiles/06-device.dir/home/andrew0808/Repositories/pico/pico-sdk/src/rp2_common/pico_double/double_aeabi_rp2040.S.o
                0x100025e0                double2ufix64
                0x100025e0                double2ufix64_z
 .text.__wrap___aeabi_d2f
                0x100025f8       0x18 CMakeFiles/06-device.dir/home/andrew0808/Repositories/pico/pico-sdk/src/rp2_common/pico_double/double_aeabi_rp2040.S.o
                0x100025f8                __wrap___aeabi_d2f
 .text.__aeabi_double_init
                0x10002610       0xa4 CMakeFiles/06-device.dir/home/andrew0808/Repositories/pico/pico-sdk/src/rp2_common/pico_double/double_init_rom_rp2040.c.o
                0x10002610                __aeabi_double_init
 .text.double_table_shim_on_use_helper
                0x100026b4       0x2c CMakeFiles/06-device.dir/home/andrew0808/Repositories/pico/pico-sdk/src/rp2_common/pico_double/double_v1_rom_shim_rp2040.S.o
                0x100026b4                double_table_shim_on_use_helper
 .text.__wrap___aeabi_dsub
                0x100026e0       0x10 CMakeFiles/06-device.dir/home/andrew0808/Repositories/pico/pico-sdk/src/rp2_common/pico_double/double_v1_rom_shim_rp2040.S.o
                0x100026e0                drsub_shim
                0x100026e6                dsub_shim
 .text.dadd_shim
                0x100026f0      0x15c CMakeFiles/06-device.dir/home/andrew0808/Repositories/pico/pico-sdk/src/rp2_common/pico_double/double_v1_rom_shim_rp2040.S.o
                0x100026f0                dadd_shim
 .text.dmul_shim
                0x1000284c      0x15c CMakeFiles/06-device.dir/home/andrew0808/Repositories/pico/pico-sdk/src/rp2_common/pico_double/double_v1_rom_shim_rp2040.S.o
                0x1000284c                dmul_shim
 .text.ddiv_shim
                0x100029a8      0x1b0 CMakeFiles/06-device.dir/home/andrew0808/Repositories/pico/pico-sdk/src/rp2_common/pico_double/double_v1_rom_shim_rp2040.S.o
                0x100029a8                ddiv_shim
 .text.double2uint_shim
                0x10002b58        0xe CMakeFiles/06-device.dir/home/andrew0808/Repositories/pico/pico-sdk/src/rp2_common/pico_double/double_v1_rom_shim_rp2040.S.o
                0x10002b58                double2uint_shim
                0x10002b5a                double2ufix_shim
 .text.double2int64_shim
                0x10002b66       0x1a CMakeFiles/06-device.dir/home/andrew0808/Repositories/pico/pico-sdk/src/rp2_common/pico_double/double_v1_rom_shim_rp2040.S.o
                0x10002b66                double2int64_shim
                0x10002b68                double2fix64_shim
 .text.double2uint64_shim
                0x10002b80       0x70 CMakeFiles/06-device.dir/home/andrew0808/Repositories/pico/pico-sdk/src/rp2_common/pico_double/double_v1_rom_shim_rp2040.S.o
                0x10002b80                double2uint64_shim
                0x10002b82                double2ufix64_shim
                0x10002ba2                d2fix_a
 .text.double2float_shim
                0x10002bf0       0x5c CMakeFiles/06-device.dir/home/andrew0808/Repositories/pico/pico-sdk/src/rp2_common/pico_double/double_v1_rom_shim_rp2040.S.o
                0x10002bf0                double2float_shim
 .text.x2double_shims
                0x10002c4c       0x90 CMakeFiles/06-device.dir/home/andrew0808/Repositories/pico/pico-sdk/src/rp2_common/pico_double/double_v1_rom_shim_rp2040.S.o
                0x10002c4c                uint2double_shim
                0x10002c4e                ufix2double_shim
                0x10002c54                int2double_shim
                0x10002c56                fix2double_shim
                0x10002c5c                uint642double_shim
                0x10002c5e                ufix642double_shim
                0x10002c64                int642double_shim
                0x10002c66                fix642double_shim
 .text.dunpacks
                0x10002cdc       0x3c CMakeFiles/06-device.dir/home/andrew0808/Repositories/pico/pico-sdk/src/rp2_common/pico_double/double_v1_rom_shim_rp2040.S.o
                0x10002cdc                dunpacks
 .text.__aeabi_lmul
                0x10002d18       0x32 CMakeFiles/06-device.dir/home/andrew0808/Repositories/pico/pico-sdk/src/rp2_common/pico_int64_ops/pico_int64_ops_aeabi.S.o
                0x10002d18                __wrap___aeabi_lmul
 *fill*         0x10002d4a        0x2 
 .text.__wrap___aeabi_farithmetic
                0x10002d4c       0x48 CMakeFiles/06-device.dir/home/andrew0808/Repositories/pico/pico-sdk/src/rp2_common/pico_float/float_aeabi_rp2040.S.o
                0x10002d4c                __wrap___aeabi_frsub
                0x10002d52                __wrap___aeabi_fsub
                0x10002d58                __wrap___aeabi_fadd
                0x10002d5e                __wrap___aeabi_fdiv
                0x10002d86                __wrap___aeabi_fmul
 .text.__wrap___aeabi_cfcmple
                0x10002d94       0x50 CMakeFiles/06-device.dir/home/andrew0808/Repositories/pico/pico-sdk/src/rp2_common/pico_float/float_aeabi_rp2040.S.o
                0x10002d94                __wrap___aeabi_cfrcmple
                0x10002da0                __wrap___aeabi_cfcmpeq
                0x10002da0                __wrap___aeabi_cfcmple
 .text.__wrap___aeabi_fcmple
                0x10002de4       0x10 CMakeFiles/06-device.dir/home/andrew0808/Repositories/pico/pico-sdk/src/rp2_common/pico_float/float_aeabi_rp2040.S.o
                0x10002de4                __wrap___aeabi_fcmple
 .text.__wrap___aeabi_fcmpun
                0x10002df4       0x18 CMakeFiles/06-device.dir/home/andrew0808/Repositories/pico/pico-sdk/src/rp2_common/pico_float/float_aeabi_rp2040.S.o
                0x10002df4                __wrap___aeabi_fcmpun
 .text.__wrap___aeabi_ui2f
                0x10002e0c        0xa CMakeFiles/06-device.dir/home/andrew0808/Repositories/pico/pico-sdk/src/rp2_common/pico_float/float_aeabi_rp2040.S.o
                0x10002e0c                uint2float
                0x10002e0c                __wrap___aeabi_ui2f
 *fill*         0x10002e16        0x2 
 .text.__wrap___aeabi_i2f
                0x10002e18       0x44 CMakeFiles/06-device.dir/home/andrew0808/Repositories/pico/pico-sdk/src/rp2_common/pico_float/float_aeabi_rp2040.S.o
                0x10002e18                int2float
                0x10002e18                __wrap___aeabi_i2f
 .text.__wrap___aeabi_f2d
                0x10002e5c       0x14 CMakeFiles/06-device.dir/home/andrew0808/Repositories/pico/pico-sdk/src/rp2_common/pico_float/float_aeabi_rp2040.S.o
                0x10002e5c                __wrap___aeabi_f2d
 .text.__aeabi_float_init
                0x10002e70       0x64 CMakeFiles/06-device.dir/home/andrew0808/Repositories/pico/pico-sdk/src/rp2_common/pico_float/float_init_rom_rp2040.c.o
                0x10002e70                __aeabi_float_init
 .text.float_table_shim_on_use_helper
                0x10002ed4       0x2c CMakeFiles/06-device.dir/home/andrew0808/Repositories/pico/pico-sdk/src/rp2_common/pico_float/float_v1_rom_shim_rp2040.S.o
                0x10002ed4                float_table_shim_on_use_helper
 .text.float2double_shim
                0x10002f00       0x30 CMakeFiles/06-device.dir/home/andrew0808/Repositories/pico/pico-sdk/src/rp2_common/pico_float/float_v1_rom_shim_rp2040.S.o
                0x10002f00                float2double_shim
 .text          0x10002f30       0x10 CMakeFiles/06-device.dir/home/andrew0808/Repositories/pico/pico-sdk/src/rp2_common/pico_mem_ops/mem_ops_aeabi.S.o
                0x10002f30                __aeabi_mem_init
 .text.memset   0x10002f40        0xc CMakeFiles/06-device.dir/home/andrew0808/Repositories/pico/pico-sdk/src/rp2_common/pico_mem_ops/mem_ops_aeabi.S.o
                0x10002f40                __wrap_memset
 .text.memcpy   0x10002f4c        0xc CMakeFiles/06-device.dir/home/andrew0808/Repositories/pico/pico-sdk/src/rp2_common/pico_mem_ops/mem_ops_aeabi.S.o
                0x10002f4c                __wrap___aeabi_memcpy
                0x10002f4c                __wrap_memcpy
 .text._out_buffer
                0x10002f58        0x8 CMakeFiles/06-device.dir/home/andrew0808/Repositories/pico/pico-sdk/src/rp2_common/pico_printf/printf.c.o
 .text._out_null
                0x10002f60        0x4 CMakeFiles/06-device.dir/home/andrew0808/Repositories/pico/pico-sdk/src/rp2_common/pico_printf/printf.c.o
 .text._out_rev
                0x10002f64       0xac CMakeFiles/06-device.dir/home/andrew0808/Repositories/pico/pico-sdk/src/rp2_common/pico_printf/printf.c.o
 .text._ntoa_format
                0x10003010      0x250 CMakeFiles/06-device.dir/home/andrew0808/Repositories/pico/pico-sdk/src/rp2_common/pico_printf/printf.c.o
 .text._out_char
                0x10003260       0x10 CMakeFiles/06-device.dir/home/andrew0808/Repositories/pico/pico-sdk/src/rp2_common/pico_printf/printf.c.o
 .text._out_fct
                0x10003270       0x10 CMakeFiles/06-device.dir/home/andrew0808/Repositories/pico/pico-sdk/src/rp2_common/pico_printf/printf.c.o
 .text._etoa    0x10003280      0x464 CMakeFiles/06-device.dir/home/andrew0808/Repositories/pico/pico-sdk/src/rp2_common/pico_printf/printf.c.o
 .text._ftoa    0x100036e4      0x3c0 CMakeFiles/06-device.dir/home/andrew0808/Repositories/pico/pico-sdk/src/rp2_common/pico_printf/printf.c.o
 .text._vsnprintf
                0x10003aa4      0xbc8 CMakeFiles/06-device.dir/home/andrew0808/Repositories/pico/pico-sdk/src/rp2_common/pico_printf/printf.c.o
 .text.__wrap_sprintf
                0x1000466c       0x2c CMakeFiles/06-device.dir/home/andrew0808/Repositories/pico/pico-sdk/src/rp2_common/pico_printf/printf.c.o
                0x1000466c                __wrap_sprintf
 .text.__wrap_snprintf
                0x10004698       0x28 CMakeFiles/06-device.dir/home/andrew0808/Repositories/pico/pico-sdk/src/rp2_common/pico_printf/printf.c.o
                0x10004698                __wrap_snprintf
 .text.vfctprintf
                0x100046c0       0x20 CMakeFiles/06-device.dir/home/andrew0808/Repositories/pico/pico-sdk/src/rp2_common/pico_printf/printf.c.o
                0x100046c0                vfctprintf
 .text.weak_raw_printf
                0x100046e0       0x40 CMakeFiles/06-device.dir/home/andrew0808/Repositories/pico/pico-sdk/src/rp2_common/pico_printf/printf.c.o
                0x100046e0                weak_raw_printf
 .text.weak_raw_vprintf
                0x10004720       0x30 CMakeFiles/06-device.dir/home/andrew0808/Repositories/pico/pico-sdk/src/rp2_common/pico_printf/printf.c.o
                0x10004720                weak_raw_vprintf
 .text._exit    0x10004750        0x4 CMakeFiles/06-device.dir/home/andrew0808/Repositories/pico/pico-sdk/src/rp2_common/pico_clib_interface/newlib_interface.c.o
                0x10004750                _exit
 .text._sbrk    0x10004754       0x34 CMakeFiles/06-device.dir/home/andrew0808/Repositories/pico/pico-sdk/src/rp2_common/pico_clib_interface/newlib_interface.c.o
                0x10004754                _sbrk
 .text._read    0x10004788       0x24 CMakeFiles/06-device.dir/home/andrew0808/Repositories/pico/pico-sdk/src/rp2_common/pico_clib_interface/newlib_interface.c.o
                0x10004788                _read
 .text._write   0x100047ac       0x24 CMakeFiles/06-device.dir/home/andrew0808/Repositories/pico/pico-sdk/src/rp2_common/pico_clib_interface/newlib_interface.c.o
                0x100047ac                _write
 .text._close   0x100047d0        0x8 CMakeFiles/06-device.dir/home/andrew0808/Repositories/pico/pico-sdk/src/rp2_common/pico_clib_interface/newlib_interface.c.o
                0x100047d0                _close
 .text._lseek   0x100047d8        0x8 CMakeFiles/06-device.dir/home/andrew0808/Repositories/pico/pico-sdk/src/rp2_common/pico_clib_interface/newlib_interface.c.o
                0x100047d8                _lseek
 .text.exit     0x100047e0        0x8 CMakeFiles/06-device.dir/home/andrew0808/Repositories/pico/pico-sdk/src/rp2_common/pico_clib_interface/newlib_interface.c.o
                0x100047e0                exit
 .text.__assert_func
                0x100047e8       0x38 CMakeFiles/06-device.dir/home/andrew0808/Repositories/pico/pico-sdk/src/rp2_common/pico_clib_interface/newlib_interface.c.o
                0x100047e8                __assert_func
 .text.runtime_init
                0x10004820       0x2c CMakeFiles/06-device.dir/home/andrew0808/Repositories/pico/pico-sdk/src/rp2_common/pico_clib_interface/newlib_interface.c.o
                0x10004820                runtime_init
 .text.stdio_out_chars_no_crlf
                0x1000484c       0x10 CMakeFiles/06-device.dir/home/andrew0808/Repositories/pico/pico-sdk/src/rp2_common/pico_stdio/stdio.c.o
 .text.stdio_out_chars_crlf
                0x1000485c       0x94 CMakeFiles/06-device.dir/home/andrew0808/Repositories/pico/pico-sdk/src/rp2_common/pico_stdio/stdio.c.o
 .text.stdio_buffered_printer
                0x100048f0       0x64 CMakeFiles/06-device.dir/home/andrew0808/Repositories/pico/pico-sdk/src/rp2_common/pico_stdio/stdio.c.o
 .text.stdio_put_string
                0x10004954      0x100 CMakeFiles/06-device.dir/home/andrew0808/Repositories/pico/pico-sdk/src/rp2_common/pico_stdio/stdio.c.o
                0x10004954                stdio_put_string
 .text.stdio_get_until
                0x10004a54       0x84 CMakeFiles/06-device.dir/home/andrew0808/Repositories/pico/pico-sdk/src/rp2_common/pico_stdio/stdio.c.o
                0x10004a54                stdio_get_until
 .text.stdio_set_driver_enabled
                0x10004ad8       0x30 CMakeFiles/06-device.dir/home/andrew0808/Repositories/pico/pico-sdk/src/rp2_common/pico_stdio/stdio.c.o
                0x10004ad8                stdio_set_driver_enabled
 .text.stdio_init_all
                0x10004b08        0x8 CMakeFiles/06-device.dir/home/andrew0808/Repositories/pico/pico-sdk/src/rp2_common/pico_stdio/stdio.c.o
                0x10004b08                stdio_init_all
 .text.stdio_getchar_timeout_us
                0x10004b10       0x98 CMakeFiles/06-device.dir/home/andrew0808/Repositories/pico/pico-sdk/src/rp2_common/pico_stdio/stdio.c.o
                0x10004b10                stdio_getchar_timeout_us
 .text.__wrap_putchar
                0x10004ba8       0x98 CMakeFiles/06-device.dir/home/andrew0808/Repositories/pico/pico-sdk/src/rp2_common/pico_stdio/stdio.c.o
                0x10004ba8                stdio_putchar
                0x10004ba8                __wrap_putchar
 .text.__wrap_puts
                0x10004c40       0x3c CMakeFiles/06-device.dir/home/andrew0808/Repositories/pico/pico-sdk/src/rp2_common/pico_stdio/stdio.c.o
                0x10004c40                __wrap_puts
                0x10004c40                stdio_puts
 .text.__wrap_vprintf
                0x10004c7c       0xd4 CMakeFiles/06-device.dir/home/andrew0808/Repositories/pico/pico-sdk/src/rp2_common/pico_stdio/stdio.c.o
                0x10004c7c                __wrap_vprintf
                0x10004c7c                stdio_vprintf
 .text.__wrap_printf
                0x10004d50       0x18 CMakeFiles/06-device.dir/home/andrew0808/Repositories/pico/pico-sdk/src/rp2_common/pico_stdio/stdio.c.o
                0x10004d50                stdio_printf
                0x10004d50                __wrap_printf
 .text.resetd_init
                0x10004d68        0x4 CMakeFiles/06-device.dir/home/andrew0808/Repositories/pico/pico-sdk/src/rp2_common/pico_stdio_usb/reset_interface.c.o
 .text.resetd_reset
                0x10004d6c        0xc CMakeFiles/06-device.dir/home/andrew0808/Repositories/pico/pico-sdk/src/rp2_common/pico_stdio_usb/reset_interface.c.o
 .text.resetd_open
                0x10004d78       0x28 CMakeFiles/06-device.dir/home/andrew0808/Repositories/pico/pico-sdk/src/rp2_common/pico_stdio_usb/reset_interface.c.o
 .text.resetd_xfer_cb
                0x10004da0        0x4 CMakeFiles/06-device.dir/home/andrew0808/Repositories/pico/pico-sdk/src/rp2_common/pico_stdio_usb/reset_interface.c.o
 .text.resetd_control_xfer_cb
                0x10004da4       0x5c CMakeFiles/06-device.dir/home/andrew0808/Repositories/pico/pico-sdk/src/rp2_common/pico_stdio_usb/reset_interface.c.o
 .text.tud_descriptor_bos_cb
                0x10004e00        0x8 CMakeFiles/06-device.dir/home/andrew0808/Repositories/pico/pico-sdk/src/rp2_common/pico_stdio_usb/reset_interface.c.o
                0x10004e00                tud_descriptor_bos_cb
 .text.tud_vendor_control_xfer_cb
                0x10004e08       0x34 CMakeFiles/06-device.dir/home/andrew0808/Repositories/pico/pico-sdk/src/rp2_common/pico_stdio_usb/reset_interface.c.o
                0x10004e08                tud_vendor_control_xfer_cb
 .text.usbd_app_driver_get_cb
                0x10004e3c        0xc CMakeFiles/06-device.dir/home/andrew0808/Repositories/pico/pico-sdk/src/rp2_common/pico_stdio_usb/reset_interface.c.o
                0x10004e3c                usbd_app_driver_get_cb
 .text.tud_cdc_line_coding_cb
                0x10004e48       0x2c CMakeFiles/06-device.dir/home/andrew0808/Repositories/pico/pico-sdk/src/rp2_common/pico_stdio_usb/reset_interface.c.o
                0x10004e48                tud_cdc_line_coding_cb
 .text.stdio_usb_set_chars_available_callback
                0x10004e74       0x14 CMakeFiles/06-device.dir/home/andrew0808/Repositories/pico/pico-sdk/src/rp2_common/pico_stdio_usb/stdio_usb.c.o
                0x10004e74                stdio_usb_set_chars_available_callback
 .text.usb_irq  0x10004e88       0x10 CMakeFiles/06-device.dir/home/andrew0808/Repositories/pico/pico-sdk/src/rp2_common/pico_stdio_usb/stdio_usb.c.o
 .text.timer_task
                0x10004e98       0x64 CMakeFiles/06-device.dir/home/andrew0808/Repositories/pico/pico-sdk/src/rp2_common/pico_stdio_usb/stdio_usb.c.o
 .text.stdio_usb_in_chars
                0x10004efc       0x90 CMakeFiles/06-device.dir/home/andrew0808/Repositories/pico/pico-sdk/src/rp2_common/pico_stdio_usb/stdio_usb.c.o
                0x10004efc                stdio_usb_in_chars
 .text.stdio_usb_out_flush
                0x10004f8c       0x50 CMakeFiles/06-device.dir/home/andrew0808/Repositories/pico/pico-sdk/src/rp2_common/pico_stdio_usb/stdio_usb.c.o
 .text.stdio_usb_out_chars
                0x10004fdc      0x104 CMakeFiles/06-device.dir/home/andrew0808/Repositories/pico/pico-sdk/src/rp2_common/pico_stdio_usb/stdio_usb.c.o
 .text.low_priority_worker_irq
                0x100050e0       0xcc CMakeFiles/06-device.dir/home/andrew0808/Repositories/pico/pico-sdk/src/rp2_common/pico_stdio_usb/stdio_usb.c.o
 .text.stdio_usb_init
                0x100051ac       0xec CMakeFiles/06-device.dir/home/andrew0808/Repositories/pico/pico-sdk/src/rp2_common/pico_stdio_usb/stdio_usb.c.o
                0x100051ac                stdio_usb_init
 .text.tud_descriptor_device_cb
                0x10005298        0x8 CMakeFiles/06-device.dir/home/andrew0808/Repositories/pico/pico-sdk/src/rp2_common/pico_stdio_usb/stdio_usb_descriptors.c.o
                0x10005298                tud_descriptor_device_cb
 .text.tud_descriptor_configuration_cb
                0x100052a0        0x8 CMakeFiles/06-device.dir/home/andrew0808/Repositories/pico/pico-sdk/src/rp2_common/pico_stdio_usb/stdio_usb_descriptors.c.o
                0x100052a0                tud_descriptor_configuration_cb
 .text.tud_descriptor_string_cb
                0x100052a8       0x78 CMakeFiles/06-device.dir/home/andrew0808/Repositories/pico/pico-sdk/src/rp2_common/pico_stdio_usb/stdio_usb_descriptors.c.o
                0x100052a8                tud_descriptor_string_cb
 .text.startup._retrieve_unique_id_on_boot
                0x10005320       0x10 CMakeFiles/06-device.dir/home/andrew0808/Repositories/pico/pico-sdk/src/rp2_common/pico_unique_id/unique_id.c.o
 .text.pico_get_unique_board_id_string
                0x10005330      0x1a8 CMakeFiles/06-device.dir/home/andrew0808/Repositories/pico/pico-sdk/src/rp2_common/pico_unique_id/unique_id.c.o
                0x10005330                pico_get_unique_board_id_string
 .text.flash_get_unique_id
                0x100054d8       0x3c CMakeFiles/06-device.dir/home/andrew0808/Repositories/pico/pico-sdk/src/rp2_common/hardware_flash/flash.c.o
                0x100054d8                flash_get_unique_id
 .text.dcd_init
                0x10005514       0x90 CMakeFiles/06-device.dir/home/andrew0808/Repositories/pico/pico-sdk/lib/tinyusb/src/portable/raspberrypi/rp2040/dcd_rp2040.c.o
                0x10005514                dcd_init
 .text.dcd_int_enable
                0x100055a4        0xc CMakeFiles/06-device.dir/home/andrew0808/Repositories/pico/pico-sdk/lib/tinyusb/src/portable/raspberrypi/rp2040/dcd_rp2040.c.o
                0x100055a4                dcd_int_enable
 .text.dcd_set_address
                0x100055b0       0x14 CMakeFiles/06-device.dir/home/andrew0808/Repositories/pico/pico-sdk/lib/tinyusb/src/portable/raspberrypi/rp2040/dcd_rp2040.c.o
                0x100055b0                dcd_set_address
 .text.dcd_sof_enable
                0x100055c4       0x1c CMakeFiles/06-device.dir/home/andrew0808/Repositories/pico/pico-sdk/lib/tinyusb/src/portable/raspberrypi/rp2040/dcd_rp2040.c.o
                0x100055c4                dcd_sof_enable
 .text.dcd_edpt0_status_complete
                0x100055e0       0x1c CMakeFiles/06-device.dir/home/andrew0808/Repositories/pico/pico-sdk/lib/tinyusb/src/portable/raspberrypi/rp2040/dcd_rp2040.c.o
                0x100055e0                dcd_edpt0_status_complete
 .text.dcd_edpt_open
                0x100055fc      0x114 CMakeFiles/06-device.dir/home/andrew0808/Repositories/pico/pico-sdk/lib/tinyusb/src/portable/raspberrypi/rp2040/dcd_rp2040.c.o
                0x100055fc                dcd_edpt_open
 .text.dcd_edpt_close_all
                0x10005710        0x8 CMakeFiles/06-device.dir/home/andrew0808/Repositories/pico/pico-sdk/lib/tinyusb/src/portable/raspberrypi/rp2040/dcd_rp2040.c.o
                0x10005710                dcd_edpt_close_all
 .text.dcd_edpt_xfer
                0x10005718       0x24 CMakeFiles/06-device.dir/home/andrew0808/Repositories/pico/pico-sdk/lib/tinyusb/src/portable/raspberrypi/rp2040/dcd_rp2040.c.o
                0x10005718                dcd_edpt_xfer
 .text.dcd_edpt_stall
                0x1000573c       0x34 CMakeFiles/06-device.dir/home/andrew0808/Repositories/pico/pico-sdk/lib/tinyusb/src/portable/raspberrypi/rp2040/dcd_rp2040.c.o
                0x1000573c                dcd_edpt_stall
 .text.dcd_edpt_clear_stall
                0x10005770       0x30 CMakeFiles/06-device.dir/home/andrew0808/Repositories/pico/pico-sdk/lib/tinyusb/src/portable/raspberrypi/rp2040/dcd_rp2040.c.o
                0x10005770                dcd_edpt_clear_stall
 .text.rp2040_usb_init
                0x100057a0       0x40 CMakeFiles/06-device.dir/home/andrew0808/Repositories/pico/pico-sdk/lib/tinyusb/src/portable/raspberrypi/rp2040/rp2040_usb.c.o
                0x100057a0                rp2040_usb_init
 .text.hw_endpoint_xfer_start
                0x100057e0       0x40 CMakeFiles/06-device.dir/home/andrew0808/Repositories/pico/pico-sdk/lib/tinyusb/src/portable/raspberrypi/rp2040/rp2040_usb.c.o
                0x100057e0                hw_endpoint_xfer_start
 .text.tud_event_hook_cb
                0x10005820        0x4 CMakeFiles/06-device.dir/home/andrew0808/Repositories/pico/pico-sdk/lib/tinyusb/src/device/usbd.c.o
                0x10005820                tud_event_hook_cb
 .text.tud_sof_cb
                0x10005824        0x4 CMakeFiles/06-device.dir/home/andrew0808/Repositories/pico/pico-sdk/lib/tinyusb/src/device/usbd.c.o
                0x10005824                tud_sof_cb
 .text.tud_descriptor_device_qualifier_cb
                0x10005828        0x4 CMakeFiles/06-device.dir/home/andrew0808/Repositories/pico/pico-sdk/lib/tinyusb/src/device/usbd.c.o
                0x10005828                tud_descriptor_device_qualifier_cb
 .text.tud_descriptor_other_speed_configuration_cb
                0x1000582c        0x4 CMakeFiles/06-device.dir/home/andrew0808/Repositories/pico/pico-sdk/lib/tinyusb/src/device/usbd.c.o
                0x1000582c                tud_descriptor_other_speed_configuration_cb
 .text.tud_mount_cb
                0x10005830        0x4 CMakeFiles/06-device.dir/home/andrew0808/Repositories/pico/pico-sdk/lib/tinyusb/src/device/usbd.c.o
                0x10005830                tud_mount_cb
 .text.tud_umount_cb
                0x10005834        0x4 CMakeFiles/06-device.dir/home/andrew0808/Repositories/pico/pico-sdk/lib/tinyusb/src/device/usbd.c.o
                0x10005834                tud_umount_cb
 .text.tud_suspend_cb
                0x10005838        0x4 CMakeFiles/06-device.dir/home/andrew0808/Repositories/pico/pico-sdk/lib/tinyusb/src/device/usbd.c.o
                0x10005838                tud_suspend_cb
 .text.tud_resume_cb
                0x1000583c        0x4 CMakeFiles/06-device.dir/home/andrew0808/Repositories/pico/pico-sdk/lib/tinyusb/src/device/usbd.c.o
                0x1000583c                tud_resume_cb
 .text.tud_mounted
                0x10005840       0x10 CMakeFiles/06-device.dir/home/andrew0808/Repositories/pico/pico-sdk/lib/tinyusb/src/device/usbd.c.o
                0x10005840                tud_mounted
 .text.tud_suspended
                0x10005850       0x10 CMakeFiles/06-device.dir/home/andrew0808/Repositories/pico/pico-sdk/lib/tinyusb/src/device/usbd.c.o
                0x10005850                tud_suspended
 .text.tud_rhport_init
                0x10005860       0xfc CMakeFiles/06-device.dir/home/andrew0808/Repositories/pico/pico-sdk/lib/tinyusb/src/device/usbd.c.o
                0x10005860                tud_rhport_init
 .text.tud_task_ext
                0x1000595c      0x800 CMakeFiles/06-device.dir/home/andrew0808/Repositories/pico/pico-sdk/lib/tinyusb/src/device/usbd.c.o
                0x1000595c                tud_task_ext
 .text.usbd_open_edpt_pair
                0x1000615c       0x9c CMakeFiles/06-device.dir/home/andrew0808/Repositories/pico/pico-sdk/lib/tinyusb/src/device/usbd.c.o
                0x1000615c                usbd_open_edpt_pair
 .text.usbd_edpt_open
                0x100061f8       0x34 CMakeFiles/06-device.dir/home/andrew0808/Repositories/pico/pico-sdk/lib/tinyusb/src/device/usbd.c.o
                0x100061f8                usbd_edpt_open
 .text.usbd_edpt_claim
                0x1000622c       0x28 CMakeFiles/06-device.dir/home/andrew0808/Repositories/pico/pico-sdk/lib/tinyusb/src/device/usbd.c.o
                0x1000622c                usbd_edpt_claim
 .text.usbd_edpt_release
                0x10006254       0x28 CMakeFiles/06-device.dir/home/andrew0808/Repositories/pico/pico-sdk/lib/tinyusb/src/device/usbd.c.o
                0x10006254                usbd_edpt_release
 .text.usbd_edpt_xfer
                0x1000627c       0x4c CMakeFiles/06-device.dir/home/andrew0808/Repositories/pico/pico-sdk/lib/tinyusb/src/device/usbd.c.o
                0x1000627c                usbd_edpt_xfer
 .text.tud_control_status
                0x100062c8       0x2c CMakeFiles/06-device.dir/home/andrew0808/Repositories/pico/pico-sdk/lib/tinyusb/src/device/usbd_control.c.o
                0x100062c8                tud_control_status
 .text.tud_control_xfer
                0x100062f4       0xac CMakeFiles/06-device.dir/home/andrew0808/Repositories/pico/pico-sdk/lib/tinyusb/src/device/usbd_control.c.o
                0x100062f4                tud_control_xfer
 .text.usbd_control_reset
                0x100063a0       0x14 CMakeFiles/06-device.dir/home/andrew0808/Repositories/pico/pico-sdk/lib/tinyusb/src/device/usbd_control.c.o
                0x100063a0                usbd_control_reset
 .text.usbd_control_set_complete_callback
                0x100063b4        0xc CMakeFiles/06-device.dir/home/andrew0808/Repositories/pico/pico-sdk/lib/tinyusb/src/device/usbd_control.c.o
                0x100063b4                usbd_control_set_complete_callback
 .text.usbd_control_set_request
                0x100063c0       0x1c CMakeFiles/06-device.dir/home/andrew0808/Repositories/pico/pico-sdk/lib/tinyusb/src/device/usbd_control.c.o
                0x100063c0                usbd_control_set_request
 .text.usbd_control_xfer_cb
                0x100063dc       0xec CMakeFiles/06-device.dir/home/andrew0808/Repositories/pico/pico-sdk/lib/tinyusb/src/device/usbd_control.c.o
                0x100063dc                usbd_control_xfer_cb
 .text._prep_out_transaction.isra.0
                0x100064c8       0x6c CMakeFiles/06-device.dir/home/andrew0808/Repositories/pico/pico-sdk/lib/tinyusb/src/class/cdc/cdc_device.c.o
 .text.tud_cdc_n_connected
                0x10006534       0x2c CMakeFiles/06-device.dir/home/andrew0808/Repositories/pico/pico-sdk/lib/tinyusb/src/class/cdc/cdc_device.c.o
                0x10006534                tud_cdc_n_connected
 .text.tud_cdc_n_available
                0x10006560       0x14 CMakeFiles/06-device.dir/home/andrew0808/Repositories/pico/pico-sdk/lib/tinyusb/src/class/cdc/cdc_device.c.o
                0x10006560                tud_cdc_n_available
 .text.tud_cdc_n_read
                0x10006574       0x94 CMakeFiles/06-device.dir/home/andrew0808/Repositories/pico/pico-sdk/lib/tinyusb/src/class/cdc/cdc_device.c.o
                0x10006574                tud_cdc_n_read
 .text.tud_cdc_n_write_flush
                0x10006608       0x74 CMakeFiles/06-device.dir/home/andrew0808/Repositories/pico/pico-sdk/lib/tinyusb/src/class/cdc/cdc_device.c.o
                0x10006608                tud_cdc_n_write_flush
 .text.tud_cdc_n_write
                0x1000667c       0x40 CMakeFiles/06-device.dir/home/andrew0808/Repositories/pico/pico-sdk/lib/tinyusb/src/class/cdc/cdc_device.c.o
                0x1000667c                tud_cdc_n_write
 .text.tud_cdc_n_write_available
                0x100066bc       0x14 CMakeFiles/06-device.dir/home/andrew0808/Repositories/pico/pico-sdk/lib/tinyusb/src/class/cdc/cdc_device.c.o
                0x100066bc                tud_cdc_n_write_available
 .text.cdcd_init
                0x100066d0       0x70 CMakeFiles/06-device.dir/home/andrew0808/Repositories/pico/pico-sdk/lib/tinyusb/src/class/cdc/cdc_device.c.o
                0x100066d0                cdcd_init
 .text.cdcd_deinit
                0x10006740       0x34 CMakeFiles/06-device.dir/home/andrew0808/Repositories/pico/pico-sdk/lib/tinyusb/src/class/cdc/cdc_device.c.o
                0x10006740                cdcd_deinit
 .text.cdcd_reset
                0x10006774       0x4c CMakeFiles/06-device.dir/home/andrew0808/Repositories/pico/pico-sdk/lib/tinyusb/src/class/cdc/cdc_device.c.o
                0x10006774                cdcd_reset
 .text.cdcd_open
                0x100067c0       0xa8 CMakeFiles/06-device.dir/home/andrew0808/Repositories/pico/pico-sdk/lib/tinyusb/src/class/cdc/cdc_device.c.o
                0x100067c0                cdcd_open
 .text.cdcd_control_xfer_cb
                0x10006868       0xe8 CMakeFiles/06-device.dir/home/andrew0808/Repositories/pico/pico-sdk/lib/tinyusb/src/class/cdc/cdc_device.c.o
                0x10006868                cdcd_control_xfer_cb
 .text.cdcd_xfer_cb
                0x10006950      0x100 CMakeFiles/06-device.dir/home/andrew0808/Repositories/pico/pico-sdk/lib/tinyusb/src/class/cdc/cdc_device.c.o
                0x10006950                cdcd_xfer_cb
 .text.vendord_init
                0x10006a50       0x5c CMakeFiles/06-device.dir/home/andrew0808/Repositories/pico/pico-sdk/lib/tinyusb/src/class/vendor/vendor_device.c.o
                0x10006a50                vendord_init
 .text.vendord_deinit
                0x10006aac       0x1c CMakeFiles/06-device.dir/home/andrew0808/Repositories/pico/pico-sdk/lib/tinyusb/src/class/vendor/vendor_device.c.o
                0x10006aac                vendord_deinit
 .text.vendord_reset
                0x10006ac8       0x28 CMakeFiles/06-device.dir/home/andrew0808/Repositories/pico/pico-sdk/lib/tinyusb/src/class/vendor/vendor_device.c.o
                0x10006ac8                vendord_reset
 .text.vendord_open
                0x10006af0      0x128 CMakeFiles/06-device.dir/home/andrew0808/Repositories/pico/pico-sdk/lib/tinyusb/src/class/vendor/vendor_device.c.o
                0x10006af0                vendord_open
 .text.vendord_xfer_cb
                0x10006c18       0x9c CMakeFiles/06-device.dir/home/andrew0808/Repositories/pico/pico-sdk/lib/tinyusb/src/class/vendor/vendor_device.c.o
                0x10006c18                vendord_xfer_cb
 .text.tusb_rhport_init
                0x10006cb4       0x48 CMakeFiles/06-device.dir/home/andrew0808/Repositories/pico/pico-sdk/lib/tinyusb/src/tusb.c.o
                0x10006cb4                tusb_rhport_init
 .text.tu_edpt_claim
                0x10006cfc       0x50 CMakeFiles/06-device.dir/home/andrew0808/Repositories/pico/pico-sdk/lib/tinyusb/src/tusb.c.o
                0x10006cfc                tu_edpt_claim
 .text.tu_edpt_release
                0x10006d4c       0x38 CMakeFiles/06-device.dir/home/andrew0808/Repositories/pico/pico-sdk/lib/tinyusb/src/tusb.c.o
                0x10006d4c                tu_edpt_release
 .text.tu_edpt_validate
                0x10006d84       0x7c CMakeFiles/06-device.dir/home/andrew0808/Repositories/pico/pico-sdk/lib/tinyusb/src/tusb.c.o
                0x10006d84                tu_edpt_validate
 .text.tu_edpt_bind_driver
                0x10006e00       0x34 CMakeFiles/06-device.dir/home/andrew0808/Repositories/pico/pico-sdk/lib/tinyusb/src/tusb.c.o
                0x10006e00                tu_edpt_bind_driver
 .text.tu_edpt_stream_init
                0x10006e34       0x6c CMakeFiles/06-device.dir/home/andrew0808/Repositories/pico/pico-sdk/lib/tinyusb/src/tusb.c.o
                0x10006e34                tu_edpt_stream_init
 .text.tu_edpt_stream_deinit
                0x10006ea0        0x4 CMakeFiles/06-device.dir/home/andrew0808/Repositories/pico/pico-sdk/lib/tinyusb/src/tusb.c.o
                0x10006ea0                tu_edpt_stream_deinit
 .text.tu_edpt_stream_write_zlp_if_needed
                0x10006ea4       0x68 CMakeFiles/06-device.dir/home/andrew0808/Repositories/pico/pico-sdk/lib/tinyusb/src/tusb.c.o
                0x10006ea4                tu_edpt_stream_write_zlp_if_needed
 .text.tu_edpt_stream_write_xfer
                0x10006f0c       0x64 CMakeFiles/06-device.dir/home/andrew0808/Repositories/pico/pico-sdk/lib/tinyusb/src/tusb.c.o
                0x10006f0c                tu_edpt_stream_write_xfer
 .text.tu_edpt_stream_read_xfer
                0x10006f70       0xdc CMakeFiles/06-device.dir/home/andrew0808/Repositories/pico/pico-sdk/lib/tinyusb/src/tusb.c.o
                0x10006f70                tu_edpt_stream_read_xfer
 .text.tu_fifo_config
                0x1000704c       0x6c CMakeFiles/06-device.dir/home/andrew0808/Repositories/pico/pico-sdk/lib/tinyusb/src/common/tusb_fifo.c.o
                0x1000704c                tu_fifo_config
 .text.tu_fifo_count
                0x100070b8       0x2c CMakeFiles/06-device.dir/home/andrew0808/Repositories/pico/pico-sdk/lib/tinyusb/src/common/tusb_fifo.c.o
                0x100070b8                tu_fifo_count
 .text.tu_fifo_empty
                0x100070e4       0x10 CMakeFiles/06-device.dir/home/andrew0808/Repositories/pico/pico-sdk/lib/tinyusb/src/common/tusb_fifo.c.o
                0x100070e4                tu_fifo_empty
 .text.tu_fifo_remaining
                0x100070f4       0x2c CMakeFiles/06-device.dir/home/andrew0808/Repositories/pico/pico-sdk/lib/tinyusb/src/common/tusb_fifo.c.o
                0x100070f4                tu_fifo_remaining
 .text.tu_fifo_read
                0x10007120       0x9c CMakeFiles/06-device.dir/home/andrew0808/Repositories/pico/pico-sdk/lib/tinyusb/src/common/tusb_fifo.c.o
                0x10007120                tu_fifo_read
 .text.tu_fifo_read_n
                0x100071bc       0xe8 CMakeFiles/06-device.dir/home/andrew0808/Repositories/pico/pico-sdk/lib/tinyusb/src/common/tusb_fifo.c.o
                0x100071bc                tu_fifo_read_n
 .text.tu_fifo_write
                0x100072a4       0xa8 CMakeFiles/06-device.dir/home/andrew0808/Repositories/pico/pico-sdk/lib/tinyusb/src/common/tusb_fifo.c.o
                0x100072a4                tu_fifo_write
 .text.tu_fifo_write_n
                0x1000734c      0x178 CMakeFiles/06-device.dir/home/andrew0808/Repositories/pico/pico-sdk/lib/tinyusb/src/common/tusb_fifo.c.o
                0x1000734c                tu_fifo_write_n
 .text.tu_fifo_clear
                0x100074c4       0x40 CMakeFiles/06-device.dir/home/andrew0808/Repositories/pico/pico-sdk/lib/tinyusb/src/common/tusb_fifo.c.o
                0x100074c4                tu_fifo_clear
 .text.tu_fifo_set_overwritable
                0x10007504       0x48 CMakeFiles/06-device.dir/home/andrew0808/Repositories/pico/pico-sdk/lib/tinyusb/src/common/tusb_fifo.c.o
                0x10007504                tu_fifo_set_overwritable
 .text.spi_init
                0x1000754c      0x13c CMakeFiles/06-device.dir/home/andrew0808/Repositories/pico/pico-sdk/src/rp2_common/hardware_spi/spi.c.o
                0x1000754c                spi_init
 .text.i2c_write_blocking_internal
                0x10007688      0x18c CMakeFiles/06-device.dir/home/andrew0808/Repositories/pico/pico-sdk/src/rp2_common/hardware_i2c/i2c.c.o
 .text.i2c_read_blocking_internal
                0x10007814      0x108 CMakeFiles/06-device.dir/home/andrew0808/Repositories/pico/pico-sdk/src/rp2_common/hardware_i2c/i2c.c.o
 .text.i2c_set_baudrate
                0x1000791c       0xc0 CMakeFiles/06-device.dir/home/andrew0808/Repositories/pico/pico-sdk/src/rp2_common/hardware_i2c/i2c.c.o
                0x1000791c                i2c_set_baudrate
 .text.i2c_init
                0x100079dc       0x50 CMakeFiles/06-device.dir/home/andrew0808/Repositories/pico/pico-sdk/src/rp2_common/hardware_i2c/i2c.c.o
                0x100079dc                i2c_init
 .text.i2c_write_blocking_until
                0x10007a2c       0x48 CMakeFiles/06-device.dir/home/andrew0808/Repositories/pico/pico-sdk/src/rp2_common/hardware_i2c/i2c.c.o
                0x10007a2c                i2c_write_blocking_until
 .text.i2c_read_blocking_until
                0x10007a74       0x48 CMakeFiles/06-device.dir/home/andrew0808/Repositories/pico/pico-sdk/src/rp2_common/hardware_i2c/i2c.c.o
                0x10007a74                i2c_read_blocking_until
 .text          0x10007abc      0x27c ili9341/libili9341.a(ili9341-driver.c.o)
                0x10007abc                ili9341_write_cmd
                0x10007ae8                ili9341_write_data
                0x10007b0c                ili9341_write_data_byte
                0x10007b38                ili9341_set_address_window
                0x10007c28                ili9341_init
 .text          0x10007d38      0x318 ili9341/libili9341.a(ili9341-display.c.o)
                0x10007d38                ili9341_draw_pixel
                0x10007d7c                ili9341_draw_filled_rect
                0x10007e00                ili9341_fill_screen
                0x10007e18                ili9341_draw_rect
                0x10007eb4                ili9341_draw_line
                0x1000800c                ili9341_set_rotation
 .text          0x10008050      0x168 ili9341/libili9341.a(ili9341-font.c.o)
                0x10008050                ili9341_draw_char
                0x1000814c                ili9341_draw_text
 .text          0x100081b8      0x464 bme280_driver/libbme280_driver.a(bme280-driver.c.o)
                0x100081b8                bme280_init
                0x10008294                bme280_read_regs
                0x100082bc                bme280_write_reg
                0x100082d8                bme280_read_temp_raw
                0x10008308                bme280_read_pres_raw
                0x10008338                bme280_read_hum_raw
                0x1000837c                bmp280_compensate_temperature
                0x100083b4                bmp280_compensate_pressure
                0x10008530                bmp280_get_temperature_celsius
                0x10008594                bmp280_get_pressure_hpa
 .text          0x1000861c       0xa8 /usr/lib/gcc/arm-none-eabi/13.2.1/../../../arm-none-eabi/lib/thumb/v6-m/nofp/libg.a(libc_a-sscanf.o)
                0x1000861c                sscanf
                0x10008670                _sscanf_r
 .text          0x100086c4       0xc4 /usr/lib/gcc/arm-none-eabi/13.2.1/../../../arm-none-eabi/lib/thumb/v6-m/nofp/libg.a(libc_a-strchr.o)
                0x100086c4                strchr
 .text          0x10008788       0x88 /usr/lib/gcc/arm-none-eabi/13.2.1/../../../arm-none-eabi/lib/thumb/v6-m/nofp/libg.a(libc_a-strcmp.o)
                0x10008788                strcmp
 .text          0x10008810       0xa8 /usr/lib/gcc/arm-none-eabi/13.2.1/../../../arm-none-eabi/lib/thumb/v6-m/nofp/libg.a(libc_a-callocr.o)
                0x10008810                _calloc_r
 .text          0x100088b8      0x5b4 /usr/lib/gcc/arm-none-eabi/13.2.1/../../../arm-none-eabi/lib/thumb/v6-m/nofp/libg.a(libc_a-mallocr.o)
                0x100088b8                _malloc_r
 .text          0x10008e6c      0x288 /usr/lib/gcc/arm-none-eabi/13.2.1/../../../arm-none-eabi/lib/thumb/v6-m/nofp/libg.a(libc_a-freer.o)
                0x10008e6c                _malloc_trim_r
                0x10008f20                _free_r
 .text          0x100090f4      0xfe0 /usr/lib/gcc/arm-none-eabi/13.2.1/../../../arm-none-eabi/lib/thumb/v6-m/nofp/libg.a(libc_a-svfscanf.o)
                0x100090f4                __ssvfscanf_r
 .text          0x1000a0d4      0x190 /usr/lib/gcc/arm-none-eabi/13.2.1/../../../arm-none-eabi/lib/thumb/v6-m/nofp/libg.a(libc_a-strtol.o)
                0x1000a22c                _strtol_r
                0x1000a234                strtol_l
                0x1000a24c                strtol
 .text          0x1000a264       0x1c /usr/lib/gcc/arm-none-eabi/13.2.1/../../../arm-none-eabi/lib/thumb/v6-m/nofp/libg.a(libc_a-sysconf.o)
                0x1000a264                sysconf
 .text          0x1000a280       0xa8 /usr/lib/gcc/arm-none-eabi/13.2.1/../../../arm-none-eabi/lib/thumb/v6-m/nofp/libg.a(libc_a-stdio.o)
                0x1000a280                __sread
                0x1000a2a8                __seofread
                0x1000a2ac                __swrite
                0x1000a2ec                __sseek
                0x1000a31c                __sclose
 .text          0x1000a328        0xc /usr/lib/gcc/arm-none-eabi/13.2.1/../../../arm-none-eabi/lib/thumb/v6-m/nofp/libg.a(libc_a-iswspace.o)
                0x1000a328                iswspace
 .text          0x1000a334       0x94 /usr/lib/gcc/arm-none-eabi/13.2.1/../../../arm-none-eabi/lib/thumb/v6-m/nofp/libg.a(libc_a-mbrtowc.o)
                0x1000a334                _mbrtowc_r
                0x1000a37c                mbrtowc
 .text          0x1000a3c8      0x350 /usr/lib/gcc/arm-none-eabi/13.2.1/../../../arm-none-eabi/lib/thumb/v6-m/nofp/libg.a(libc_a-reallocr.o)
                0x1000a3c8                _realloc_r
 .text          0x1000a718       0x28 /usr/lib/gcc/arm-none-eabi/13.2.1/../../../arm-none-eabi/lib/thumb/v6-m/nofp/libg.a(libc_a-writer.o)
                0x1000a718                _write_r
 .text          0x1000a740        0x8 /usr/lib/gcc/arm-none-eabi/13.2.1/../../../arm-none-eabi/lib/thumb/v6-m/nofp/libg.a(libc_a-mlock.o)
                0x1000a740                __malloc_lock
                0x1000a744                __malloc_unlock
 .text          0x1000a748      0x258 /usr/lib/gcc/arm-none-eabi/13.2.1/../../../arm-none-eabi/lib/thumb/v6-m/nofp/libg.a(libc_a-findfp.o)
                0x1000a8a4                __sfp
                0x1000a944                __sinit
                0x1000a968                __sfp_lock_acquire
                0x1000a96c                __sfp_lock_release
                0x1000a970                __fp_lock_all
                0x1000a988                __fp_unlock_all
 .text          0x1000a9a0       0x10 /usr/lib/gcc/arm-none-eabi/13.2.1/../../../arm-none-eabi/lib/thumb/v6-m/nofp/libg.a(libc_a-atexit.o)
                0x1000a9a0                atexit
 .text          0x1000a9b0       0x5c /usr/lib/gcc/arm-none-eabi/13.2.1/../../../arm-none-eabi/lib/thumb/v6-m/nofp/libg.a(libc_a-strlen-stub.o)
                0x1000a9b0                strlen
 .text          0x1000aa0c      0xfe0 /usr/lib/gcc/arm-none-eabi/13.2.1/../../../arm-none-eabi/lib/thumb/v6-m/nofp/libg.a(libc_a-svfiscanf.o)
                0x1000aa0c                _sungetc_r
                0x1000aa8c                __ssrefill_r
                0x1000aacc                _sfread_r
                0x1000ab88                __ssvfiscanf_r
 .text          0x1000b9ec       0x24 /usr/lib/gcc/arm-none-eabi/13.2.1/../../../arm-none-eabi/lib/thumb/v6-m/nofp/libg.a(libc_a-sbrkr.o)
                0x1000b9ec                _sbrk_r
 .text          0x1000ba10      0x164 /usr/lib/gcc/arm-none-eabi/13.2.1/../../../arm-none-eabi/lib/thumb/v6-m/nofp/libg.a(libc_a-ungetc.o)
                0x1000ba10                __submore
                0x1000ba94                _ungetc_r
                0x1000bb5c                ungetc
 .text          0x1000bb74       0x24 /usr/lib/gcc/arm-none-eabi/13.2.1/../../../arm-none-eabi/lib/thumb/v6-m/nofp/libg.a(libc_a-closer.o)
                0x1000bb74                _close_r
 .text          0x1000bb98       0x28 /usr/lib/gcc/arm-none-eabi/13.2.1/../../../arm-none-eabi/lib/thumb/v6-m/nofp/libg.a(libc_a-fini.o)
                0x1000bb98                __libc_fini_array
 .text          0x1000bbc0        0x8 /usr/lib/gcc/arm-none-eabi/13.2.1/../../../arm-none-eabi/lib/thumb/v6-m/nofp/libg.a(libm_a-sf_nan.o)
                0x1000bbc0                nanf
 .text          0x1000bbc8      0x1d8 /usr/lib/gcc/arm-none-eabi/13.2.1/../../../arm-none-eabi/lib/thumb/v6-m/nofp/libg.a(libc_a-strtoll.o)
                0x1000bd68                _strtoll_r
                0x1000bd70                strtoll_l
                0x1000bd88                strtoll
 .text          0x1000bda0       0x80 /usr/lib/gcc/arm-none-eabi/13.2.1/../../../arm-none-eabi/lib/thumb/v6-m/nofp/libg.a(libc_a-sccl.o)
                0x1000bda0                __sccl
 .text          0x1000be20       0x44 /usr/lib/gcc/arm-none-eabi/13.2.1/../../../arm-none-eabi/lib/thumb/v6-m/nofp/libg.a(libc_a-fwalk.o)
                0x1000be20                _fwalk_sglue
 .text          0x1000be64       0x14 /usr/lib/gcc/arm-none-eabi/13.2.1/../../../arm-none-eabi/lib/thumb/v6-m/nofp/libg.a(libc_a-localeconv.o)
                0x1000be64                __localeconv_l
                0x1000be68                _localeconv_r
                0x1000be70                localeconv
 .text          0x1000be78     0x10b8 /usr/lib/gcc/arm-none-eabi/13.2.1/../../../arm-none-eabi/lib/thumb/v6-m/nofp/libg.a(libc_a-strtod.o)
                0x1000bea8                _strtod_l
                0x1000cd60                _strtod_r
                0x1000cd70                strtod_l
                0x1000cd88                strtod
                0x1000cda4                strtof_l
                0x1000ce5c                strtof
 .text          0x1000cf30       0x98 /usr/lib/gcc/arm-none-eabi/13.2.1/../../../arm-none-eabi/lib/thumb/v6-m/nofp/libg.a(libc_a-locale.o)
                0x1000cf30                _setlocale_r
                0x1000cf74                __locale_mb_cur_max
                0x1000cf84                setlocale
 .text          0x1000cfc8      0x658 /usr/lib/gcc/arm-none-eabi/13.2.1/../../../arm-none-eabi/lib/thumb/v6-m/nofp/libg.a(libc_a-gdtoa-gethex.o)
                0x1000d078                __gethex
 .text          0x1000d620      0x17c /usr/lib/gcc/arm-none-eabi/13.2.1/../../../arm-none-eabi/lib/thumb/v6-m/nofp/libg.a(libc_a-strtoul.o)
                0x1000d764                _strtoul_r
                0x1000d76c                strtoul_l
                0x1000d784                strtoul
 .text          0x1000d79c       0x44 /usr/lib/gcc/arm-none-eabi/13.2.1/../../../arm-none-eabi/lib/thumb/v6-m/nofp/libg.a(libc_a-mbtowc_r.o)
                0x1000d79c                _mbtowc_r
                0x1000d7b4                __ascii_mbtowc
 .text          0x1000d7e0      0x1c4 /usr/lib/gcc/arm-none-eabi/13.2.1/../../../arm-none-eabi/lib/thumb/v6-m/nofp/libg.a(libc_a-fflush.o)
                0x1000d7e0                __sflush_r
                0x1000d928                _fflush_r
                0x1000d954                fflush
 .text          0x1000d9a4       0x74 /usr/lib/gcc/arm-none-eabi/13.2.1/../../../arm-none-eabi/lib/thumb/v6-m/nofp/libg.a(libc_a-strncmp.o)
                0x1000d9a4                strncmp
 .text          0x1000da18       0xb0 /usr/lib/gcc/arm-none-eabi/13.2.1/../../../arm-none-eabi/lib/thumb/v6-m/nofp/libg.a(libc_a-memmove.o)
                0x1000da18                memmove
 .text          0x1000dac8        0xc /usr/lib/gcc/arm-none-eabi/13.2.1/../../../arm-none-eabi/lib/thumb/v6-m/nofp/libg.a(libc_a-errno.o)
                0x1000dac8                __errno
 .text          0x1000dad4       0x18 /usr/lib/gcc/arm-none-eabi/13.2.1/../../../arm-none-eabi/lib/thumb/v6-m/nofp/libg.a(libc_a-iswspace_l.o)
                0x1000dad4                iswspace_l
 .text          0x1000daec      0x1fc /usr/lib/gcc/arm-none-eabi/13.2.1/../../../arm-none-eabi/lib/thumb/v6-m/nofp/libg.a(libc_a-strtoull.o)
                0x1000dcb0                _strtoull_r
                0x1000dcb8                strtoull_l
                0x1000dcd0                strtoull
 .text          0x1000dce8       0x28 /usr/lib/gcc/arm-none-eabi/13.2.1/../../../arm-none-eabi/lib/thumb/v6-m/nofp/libg.a(libc_a-readr.o)
                0x1000dce8                _read_r
 .text          0x1000dd10       0xa4 /usr/lib/gcc/arm-none-eabi/13.2.1/../../../arm-none-eabi/lib/thumb/v6-m/nofp/libg.a(libc_a-fclose.o)
                0x1000dd10                _fclose_r
                0x1000dda0                fclose
 .text          0x1000ddb4       0x2c /usr/lib/gcc/arm-none-eabi/13.2.1/../../../arm-none-eabi/lib/thumb/v6-m/nofp/libg.a(libc_a-wctomb_r.o)
                0x1000ddb4                _wctomb_r
                0x1000ddc4                __ascii_wctomb
 .text          0x1000dde0       0x28 /usr/lib/gcc/arm-none-eabi/13.2.1/../../../arm-none-eabi/lib/thumb/v6-m/nofp/libg.a(libc_a-lseekr.o)
                0x1000dde0                _lseek_r
 .text          0x1000de08       0x78 /usr/lib/gcc/arm-none-eabi/13.2.1/../../../arm-none-eabi/lib/thumb/v6-m/nofp/libg.a(libc_a-__atexit.o)
                0x1000de08                __register_exitproc
 .text          0x1000de80      0x230 /usr/lib/gcc/arm-none-eabi/13.2.1/../../../arm-none-eabi/lib/thumb/v6-m/nofp/libg.a(libc_a-gdtoa-hexnan.o)
                0x1000de80                __match
                0x1000deac                __hexnan
 .text          0x1000e0b0        0xc /usr/lib/gcc/arm-none-eabi/13.2.1/../../../arm-none-eabi/lib/thumb/v6-m/nofp/libg.a(libm_a-s_nan.o)
                0x1000e0b0                nan
 .text          0x1000e0bc      0xb18 /usr/lib/gcc/arm-none-eabi/13.2.1/../../../arm-none-eabi/lib/thumb/v6-m/nofp/libg.a(libc_a-mprec.o)
                0x1000e0bc                _Balloc
                0x1000e10c                _Bfree
                0x1000e120                __multadd
                0x1000e1c8                __s2b
                0x1000e278                __hi0bits
                0x1000e2c4                __lo0bits
                0x1000e320                __i2b
                0x1000e380                __multiply
                0x1000e52c                __pow5mult
                0x1000e5fc                __lshift
                0x1000e6f8                __mcmp
                0x1000e734                __mdiff
                0x1000e8e8                __ulp
                0x1000e928                __b2d
                0x1000e9e0                __d2b
                0x1000eaac                __ratio
                0x1000eb14                _mprec_log10
                0x1000eb48                __copybits
                0x1000eb88                __any_on
 .text.startup  0x1000ebd4       0x18 /usr/lib/gcc/arm-none-eabi/13.2.1/../../../arm-none-eabi/lib/thumb/v6-m/nofp/libg.a(libc_a-__call_atexit.o)
 *(.fini)
 .fini          0x1000ebec        0x4 /usr/lib/gcc/arm-none-eabi/13.2.1/thumb/v6-m/nofp/crti.o
                0x1000ebec                _fini
 .fini.__stub   0x1000ebf0       0xe0 linker stubs
 *crtbegin.o(.ctors)
 *crtbegin?.o(.ctors)
 *(EXCLUDE_FILE(*crtend.o *crtend?.o) .ctors)
 *(SORT_BY_NAME(.ctors.*))
 *(.ctors)
 *crtbegin.o(.dtors)
 *crtbegin?.o(.dtors)
 *(EXCLUDE_FILE(*crtend.o *crtend?.o) .dtors)
 *(SORT_BY_NAME(.dtors.*))
 *(.dtors)
                0x1000ecd0                        . = ALIGN (0x4)
                0x1000ecd0                        PROVIDE (__preinit_array_start = .)
 *(SORT_BY_NAME(.preinit_array.*))
 .preinit_array.00100
                0x1000ecd0        0x4 CMakeFiles/06-device.dir/home/andrew0808/Repositories/pico/pico-sdk/src/rp2_common/pico_runtime_init/runtime_init.c.o
                0x1000ecd0                __pre_init_runtime_init_early_resets
 .preinit_array.00101
                0x1000ecd4        0x4 CMakeFiles/06-device.dir/home/andrew0808/Repositories/pico/pico-sdk/src/rp2_common/pico_runtime_init/runtime_init.c.o
                0x1000ecd4                __pre_init_runtime_init_usb_power_down
 .preinit_array.00275
                0x1000ecd8        0x4 CMakeFiles/06-device.dir/home/andrew0808/Repositories/pico/pico-sdk/src/rp2_common/pico_bit_ops/bit_ops_aeabi.S.o
 .preinit_array.00300
                0x1000ecdc        0x4 CMakeFiles/06-device.dir/home/andrew0808/Repositories/pico/pico-sdk/src/rp2_common/pico_mem_ops/mem_ops_aeabi.S.o
 .preinit_array.00350
                0x1000ece0        0x4 CMakeFiles/06-device.dir/home/andrew0808/Repositories/pico/pico-sdk/src/rp2_common/pico_double/double_aeabi_rp2040.S.o
 .preinit_array.00350
                0x1000ece4        0x4 CMakeFiles/06-device.dir/home/andrew0808/Repositories/pico/pico-sdk/src/rp2_common/pico_float/float_aeabi_rp2040.S.o
 .preinit_array.00500
                0x1000ece8        0x4 CMakeFiles/06-device.dir/home/andrew0808/Repositories/pico/pico-sdk/src/rp2_common/pico_runtime_init/runtime_init.c.o
                0x1000ece8                __pre_init_runtime_init_clocks
 .preinit_array.00600
                0x1000ecec        0x4 CMakeFiles/06-device.dir/home/andrew0808/Repositories/pico/pico-sdk/src/rp2_common/pico_runtime_init/runtime_init.c.o
                0x1000ecec                __pre_init_runtime_init_post_clock_resets
 .preinit_array.00700
                0x1000ecf0        0x4 CMakeFiles/06-device.dir/home/andrew0808/Repositories/pico/pico-sdk/src/rp2_common/pico_runtime_init/runtime_init.c.o
                0x1000ecf0                __pre_init_runtime_init_rp2040_gpio_ie_disable
 .preinit_array.01000
                0x1000ecf4        0x4 CMakeFiles/06-device.dir/home/andrew0808/Repositories/pico/pico-sdk/src/rp2_common/pico_runtime_init/runtime_init.c.o
                0x1000ecf4                __pre_init_runtime_init_spin_locks_reset
 .preinit_array.01100
                0x1000ecf8        0x4 CMakeFiles/06-device.dir/home/andrew0808/Repositories/pico/pico-sdk/src/common/pico_sync/mutex.c.o
                0x1000ecf8                __pre_init_runtime_init_mutex
 .preinit_array.10080
                0x1000ecfc        0x4 CMakeFiles/06-device.dir/home/andrew0808/Repositories/pico/pico-sdk/src/rp2_common/pico_runtime_init/runtime_init.c.o
                0x1000ecfc                __pre_init_runtime_init_install_ram_vector_table
 .preinit_array.11000
                0x1000ed00        0x4 CMakeFiles/06-device.dir/home/andrew0808/Repositories/pico/pico-sdk/src/common/pico_time/time.c.o
                0x1000ed00                __pre_init_runtime_init_default_alarm_pool
 .preinit_array.YYYYY
                0x1000ed04        0x4 CMakeFiles/06-device.dir/home/andrew0808/Repositories/pico/pico-sdk/src/rp2_common/pico_runtime/runtime.c.o
                0x1000ed04                __pre_init_first_per_core_initializer
 .preinit_array.ZZZZZ.01200
                0x1000ed08        0x4 CMakeFiles/06-device.dir/home/andrew0808/Repositories/pico/pico-sdk/src/rp2_common/hardware_irq/irq.c.o
                0x1000ed08                __pre_init_runtime_init_per_core_irq_priorities
 *(.preinit_array)
                0x1000ed0c                        PROVIDE (__preinit_array_end = .)
                0x1000ed0c                        . = ALIGN (0x4)
                0x1000ed0c                        PROVIDE (__init_array_start = .)
 *(SORT_BY_NAME(.init_array.*))
 .init_array.00000
                0x1000ed0c        0x4 /usr/lib/gcc/arm-none-eabi/13.2.1/../../../arm-none-eabi/lib/thumb/v6-m/nofp/libg.a(libc_a-__call_atexit.o)
 .init_array.01000
                0x1000ed10        0x4 CMakeFiles/06-device.dir/home/andrew0808/Repositories/pico/pico-sdk/src/rp2_common/pico_unique_id/unique_id.c.o
 *(.init_array)
 .init_array    0x1000ed14        0x4 /usr/lib/gcc/arm-none-eabi/13.2.1/thumb/v6-m/nofp/crtbegin.o
                0x1000ed18                        PROVIDE (__init_array_end = .)
                0x1000ed18                        . = ALIGN (0x4)
                0x1000ed18                        PROVIDE (__fini_array_start = .)
 *(SORT_BY_NAME(.fini_array.*))
 *(.fini_array)
                0x1000ed18                        PROVIDE (__fini_array_end = .)
 *(.eh_frame*)
 .eh_frame      0x1000ed18        0x0 /usr/lib/gcc/arm-none-eabi/13.2.1/thumb/v6-m/nofp/crtbegin.o
                0x1000ed18                        . = ALIGN (0x4)

.glue_7         0x1000ed18        0x0
 .glue_7        0x1000ed18        0x0 linker stubs

.glue_7t        0x1000ed18        0x0
 .glue_7t       0x1000ed18        0x0 linker stubs

.vfp11_veneer   0x1000ed18        0x0
 .vfp11_veneer  0x1000ed18        0x0 linker stubs

.v4_bx          0x1000ed18        0x0
 .v4_bx         0x1000ed18        0x0 linker stubs

.iplt           0x1000ed18        0x0
 .iplt          0x1000ed18        0x0 /usr/lib/gcc/arm-none-eabi/13.2.1/thumb/v6-m/nofp/crtbegin.o

.rodata         0x1000ed18     0x2080
 *(EXCLUDE_FILE(*libm.a: *libc.a:*lib_a-mem*.o *libgcc.a:) .rodata*)
 .rodata.version_callback.str1.4
                0x1000ed18      0x571 CMakeFiles/06-device.dir/main.c.o
                                 0x41 (size before relaxing)
 .rodata.help_callback.str1.4
                0x1000f289        0x9 CMakeFiles/06-device.dir/main.c.o
 .rodata.disp_screen_callback.str1.4
                0x1000f289        0x3 CMakeFiles/06-device.dir/main.c.o
 .rodata.disp_px_callback.str1.4
                0x1000f289        0x9 CMakeFiles/06-device.dir/main.c.o
 .rodata.disp_parametrs_callback.str1.4
                0x1000f289       0x40 CMakeFiles/06-device.dir/main.c.o
 .rodata.led_blink_set_period_ms_callback.str1.4
                0x1000f289       0x21 CMakeFiles/06-device.dir/main.c.o
 .rodata.str1.4
                0x1000f289      0x185 CMakeFiles/06-device.dir/main.c.o
 .rodata.stdio_task_handle.str1.4
                0x1000f289       0x17 CMakeFiles/06-device.dir/stdio-task/stdio-task.c.o
 .rodata.protocol_task_handle.str1.4
                0x1000f289       0x52 CMakeFiles/06-device.dir/protocol-task/protocol-task.c.o
 .rodata.panic.str1.4
                0x1000f289       0x12 CMakeFiles/06-device.dir/home/andrew0808/Repositories/pico/pico-sdk/src/rp2_common/pico_platform_panic/panic.c.o
 .rodata.spin_lock_claim_unused.str1.4
                0x1000f289       0x1b CMakeFiles/06-device.dir/home/andrew0808/Repositories/pico/pico-sdk/src/rp2_common/hardware_sync/sync.c.o
 .rodata.user_irq_claim_unused.str1.4
                0x1000f289       0x1b CMakeFiles/06-device.dir/home/andrew0808/Repositories/pico/pico-sdk/src/rp2_common/hardware_irq/irq.c.o
 *fill*         0x1000f289        0x7 
 .rodata.at_the_end_of_time
                0x1000f290        0x8 CMakeFiles/06-device.dir/home/andrew0808/Repositories/pico/pico-sdk/src/common/pico_time/time.c.o
                0x1000f290                at_the_end_of_time
 .rodata.timer_hardware_alarm_claim.str1.4
                0x1000f298       0x22 CMakeFiles/06-device.dir/home/andrew0808/Repositories/pico/pico-sdk/src/rp2_common/hardware_timer/timer.c.o
 .rodata.hard_assertion_failure.str1.4
                0x1000f298        0xc CMakeFiles/06-device.dir/home/andrew0808/Repositories/pico/pico-sdk/src/rp2_common/pico_runtime/runtime.c.o
 .rodata.str1.4
                0x1000f298       0x40 CMakeFiles/06-device.dir/home/andrew0808/Repositories/pico/pico-sdk/src/rp2_common/pico_standard_binary_info/standard_binary_info.c.o
 .rodata.__bi_84
                0x1000f298        0xc CMakeFiles/06-device.dir/home/andrew0808/Repositories/pico/pico-sdk/src/rp2_common/pico_standard_binary_info/standard_binary_info.c.o
 .rodata.__bi_78
                0x1000f2a4        0xc CMakeFiles/06-device.dir/home/andrew0808/Repositories/pico/pico-sdk/src/rp2_common/pico_standard_binary_info/standard_binary_info.c.o
 .rodata.__bi_54
                0x1000f2b0        0xc CMakeFiles/06-device.dir/home/andrew0808/Repositories/pico/pico-sdk/src/rp2_common/pico_standard_binary_info/standard_binary_info.c.o
 .rodata.__bi_48
                0x1000f2bc        0xc CMakeFiles/06-device.dir/home/andrew0808/Repositories/pico/pico-sdk/src/rp2_common/pico_standard_binary_info/standard_binary_info.c.o
 .rodata.__bi_42
                0x1000f2c8        0xc CMakeFiles/06-device.dir/home/andrew0808/Repositories/pico/pico-sdk/src/rp2_common/pico_standard_binary_info/standard_binary_info.c.o
 .rodata.__bi_34
                0x1000f2d4        0xc CMakeFiles/06-device.dir/home/andrew0808/Repositories/pico/pico-sdk/src/rp2_common/pico_standard_binary_info/standard_binary_info.c.o
 .rodata.__bi_26
                0x1000f2e0        0xc CMakeFiles/06-device.dir/home/andrew0808/Repositories/pico/pico-sdk/src/rp2_common/pico_standard_binary_info/standard_binary_info.c.o
 .rodata._ftoa.str1.4
                0x1000f2ec       0x15 CMakeFiles/06-device.dir/home/andrew0808/Repositories/pico/pico-sdk/src/rp2_common/pico_printf/printf.c.o
 .rodata._vsnprintf
                0x1000f2ec      0x19c CMakeFiles/06-device.dir/home/andrew0808/Repositories/pico/pico-sdk/src/rp2_common/pico_printf/printf.c.o
 .rodata.pow10.0
                0x1000f488       0x50 CMakeFiles/06-device.dir/home/andrew0808/Repositories/pico/pico-sdk/src/rp2_common/pico_printf/printf.c.o
 .rodata.__assert_func.str1.4
                0x1000f4d8       0x43 CMakeFiles/06-device.dir/home/andrew0808/Repositories/pico/pico-sdk/src/rp2_common/pico_clib_interface/newlib_interface.c.o
 .rodata.crlf_str.0
                0x1000f4d8        0x2 CMakeFiles/06-device.dir/home/andrew0808/Repositories/pico/pico-sdk/src/rp2_common/pico_stdio/stdio.c.o
 *fill*         0x1000f4da        0x2 
 .rodata._resetd_driver
                0x1000f4dc       0x20 CMakeFiles/06-device.dir/home/andrew0808/Repositories/pico/pico-sdk/src/rp2_common/pico_stdio_usb/reset_interface.c.o
 .rodata.desc_ms_os_20
                0x1000f4fc       0xa6 CMakeFiles/06-device.dir/home/andrew0808/Repositories/pico/pico-sdk/src/rp2_common/pico_stdio_usb/reset_interface.c.o
 *fill*         0x1000f5a2        0x2 
 .rodata.desc_bos
                0x1000f5a4       0x21 CMakeFiles/06-device.dir/home/andrew0808/Repositories/pico/pico-sdk/src/rp2_common/pico_stdio_usb/reset_interface.c.o
                0x1000f5a4                desc_bos
 .rodata.str1.4
                0x1000f5c5       0x13 CMakeFiles/06-device.dir/home/andrew0808/Repositories/pico/pico-sdk/src/rp2_common/pico_stdio_usb/stdio_usb.c.o
 *fill*         0x1000f5c5        0x3 
 .rodata.__bi_202.0
                0x1000f5c8        0xc CMakeFiles/06-device.dir/home/andrew0808/Repositories/pico/pico-sdk/src/rp2_common/pico_stdio_usb/stdio_usb.c.o
 .rodata.str1.4
                0x1000f5d4       0x2a CMakeFiles/06-device.dir/home/andrew0808/Repositories/pico/pico-sdk/src/rp2_common/pico_stdio_usb/stdio_usb_descriptors.c.o
 .rodata.usbd_desc_str
                0x1000f5d4       0x18 CMakeFiles/06-device.dir/home/andrew0808/Repositories/pico/pico-sdk/src/rp2_common/pico_stdio_usb/stdio_usb_descriptors.c.o
 .rodata.usbd_desc_cfg
                0x1000f5ec       0x54 CMakeFiles/06-device.dir/home/andrew0808/Repositories/pico/pico-sdk/src/rp2_common/pico_stdio_usb/stdio_usb_descriptors.c.o
 .rodata.usbd_desc_device
                0x1000f640       0x12 CMakeFiles/06-device.dir/home/andrew0808/Repositories/pico/pico-sdk/src/rp2_common/pico_stdio_usb/stdio_usb_descriptors.c.o
 .rodata.str1.4
                0x1000f652       0x14 CMakeFiles/06-device.dir/home/andrew0808/Repositories/pico/pico-sdk/lib/tinyusb/src/portable/raspberrypi/rp2040/dcd_rp2040.c.o
 .rodata.str1.4